Archive member included to satisfy reference by file (symbol)

.\CortexM3\ARM_GCC_541\Debug\ili9341_master.a(SPI.o)
                              .\CortexM3\ARM_GCC_541\Debug\main.o (SPI_SetTxInterruptMode)
.\CortexM3\ARM_GCC_541\Debug\ili9341_master.a(DISP_RST.o)
                              .\CortexM3\ARM_GCC_541\Debug\psoc_platform.o (DISP_RST_Write)
.\CortexM3\ARM_GCC_541\Debug\ili9341_master.a(SPI_IntClock.o)
                              .\CortexM3\ARM_GCC_541\Debug\ili9341_master.a(SPI.o) (SPI_IntClock_Start)
.\CortexM3\ARM_GCC_541\Debug\ili9341_master.a(CyDmac.o)
                              .\CortexM3\ARM_GCC_541\Debug\Cm3Start.o (CyDmacConfigure)
.\CortexM3\ARM_GCC_541\Debug\ili9341_master.a(CyLib.o)
                              .\CortexM3\ARM_GCC_541\Debug\Cm3Start.o (CyHalt)
.\CortexM3\ARM_GCC_541\Debug\ili9341_master.a(cyPm.o)
                              .\CortexM3\ARM_GCC_541\Debug\ili9341_master.a(CyLib.o) (CyPmReadStatus)
.\CortexM3\ARM_GCC_541\Debug\ili9341_master.a(DISP_BCKL.o)
                              .\CortexM3\ARM_GCC_541\Debug\psoc_platform.o (DISP_BCKL_Write)
.\CortexM3\ARM_GCC_541\Debug\ili9341_master.a(DISP_DC.o)
                              .\CortexM3\ARM_GCC_541\Debug\psoc_platform.o (DISP_DC_Write)
.\CortexM3\ARM_GCC_541\Debug\ili9341_master.a(DMA_Tx_dma.o)
                              .\CortexM3\ARM_GCC_541\Debug\spi_dma.o (DMA_Tx_DmaInitialize)
.\CortexM3\ARM_GCC_541\Debug\ili9341_master.a(UART.o)
                              .\CortexM3\ARM_GCC_541\Debug\main.o (UART_Start)
.\CortexM3\ARM_GCC_541\Debug\ili9341_master.a(isr_SPI_TX_DMA.o)
                              .\CortexM3\ARM_GCC_541\Debug\main.o (isr_SPI_TX_DMA_StartEx)
.\CortexM3\ARM_GCC_541\Debug\ili9341_master.a(isr_SPI_TX.o)
                              .\CortexM3\ARM_GCC_541\Debug\main.o (isr_SPI_TX_StartEx)
.\CortexM3\ARM_GCC_541\Debug\ili9341_master.a(SS.o)
                              .\CortexM3\ARM_GCC_541\Debug\main.o (SS_Write)
.\CortexM3\ARM_GCC_541\Debug\ili9341_master.a(QuadDec.o)
                              .\CortexM3\ARM_GCC_541\Debug\main.o (QuadDec_GetCounter)
.\CortexM3\ARM_GCC_541\Debug\ili9341_master.a(QuadDec_Cnt8.o)
                              .\CortexM3\ARM_GCC_541\Debug\ili9341_master.a(QuadDec.o) (QuadDec_Cnt8_Stop)
.\CortexM3\ARM_GCC_541\Debug\ili9341_master.a(QuadDec_SW.o)
                              .\CortexM3\ARM_GCC_541\Debug\main.o (QuadDec_SW_Read)
.\CortexM3\ARM_GCC_541\Debug\ili9341_master.a(CyBootAsmGnu.o)
                              .\CortexM3\ARM_GCC_541\Debug\cyfitter_cfg.o (CyDelayCycles)
.\CortexM3\ARM_GCC_541\Debug\ili9341_master.a(UART_AsmGnu.o)
                              .\CortexM3\ARM_GCC_541\Debug\ili9341_master.a(UART.o) (UART_PutChar)
.\CortexM3\ARM_GCC_541\Debug\ili9341_master.a(CyFlash.o)
                              .\CortexM3\ARM_GCC_541\Debug\ili9341_master.a(cyPm.o) (CyFlash_SetWaitCycles)
.\CortexM3\ARM_GCC_541\Debug\ili9341_master.a(CySpc.o)
                              .\CortexM3\ARM_GCC_541\Debug\ili9341_master.a(CyFlash.o) (CySpcStart)
c:/program files (x86)/cypress/psoc creator/4.4/psoc creator/import/gnu/arm/5.4.1/bin/../lib/gcc/arm-none-eabi/5.4.1/armv7-m\libgcc.a(_udivsi3.o)
                              .\CortexM3\ARM_GCC_541\Debug\ili9341_master.a(UART_AsmGnu.o) (__aeabi_uidiv)
c:/program files (x86)/cypress/psoc creator/4.4/psoc creator/import/gnu/arm/5.4.1/bin/../lib/gcc/arm-none-eabi/5.4.1/armv7-m\libgcc.a(_dvmd_tls.o)
                              c:/program files (x86)/cypress/psoc creator/4.4/psoc creator/import/gnu/arm/5.4.1/bin/../lib/gcc/arm-none-eabi/5.4.1/armv7-m\libgcc.a(_udivsi3.o) (__aeabi_idiv0)
c:/program files (x86)/cypress/psoc creator/4.4/psoc creator/import/gnu/arm/5.4.1/bin/../lib/gcc/arm-none-eabi/5.4.1/armv7-m\libgcc.a(_aeabi_uldivmod.o)
                              .\CortexM3\ARM_GCC_541\Debug\lv_printf.o (__aeabi_uldivmod)
c:/program files (x86)/cypress/psoc creator/4.4/psoc creator/import/gnu/arm/5.4.1/bin/../lib/gcc/arm-none-eabi/5.4.1/armv7-m\libgcc.a(_udivmoddi4.o)
                              c:/program files (x86)/cypress/psoc creator/4.4/psoc creator/import/gnu/arm/5.4.1/bin/../lib/gcc/arm-none-eabi/5.4.1/armv7-m\libgcc.a(_aeabi_uldivmod.o) (__udivmoddi4)
c:/program files (x86)/cypress/psoc creator/4.4/psoc creator/import/gnu/arm/5.4.1/bin/../lib/gcc/arm-none-eabi/5.4.1/../../../../arm-none-eabi/lib/armv7-m\libg_nano.a(lib_a-errno.o)
                              .\CortexM3\ARM_GCC_541\Debug\Cm3Start.o (__errno)
c:/program files (x86)/cypress/psoc creator/4.4/psoc creator/import/gnu/arm/5.4.1/bin/../lib/gcc/arm-none-eabi/5.4.1/../../../../arm-none-eabi/lib/armv7-m\libg_nano.a(lib_a-exit.o)
                              c:/program files (x86)/cypress/psoc creator/4.4/psoc creator/import/gnu/arm/5.4.1/bin/../lib/gcc/arm-none-eabi/5.4.1/../../../../arm-none-eabi/lib/armv7-m/crt0.o (exit)
[...]
Memory Configuration

Name             Origin             Length             Attributes
rom              0x00000000         0x00040000         xr
ram              0x1fff8000         0x00010000         xrw
*default*        0x00000000         0xffffffff

Linker script and memory map

LOAD c:/program files (x86)/cypress/psoc creator/4.4/psoc creator/import/gnu/arm/5.4.1/bin/../lib/gcc/arm-none-eabi/5.4.1/armv7-m/crti.o
LOAD c:/program files (x86)/cypress/psoc creator/4.4/psoc creator/import/gnu/arm/5.4.1/bin/../lib/gcc/arm-none-eabi/5.4.1/armv7-m/crtbegin.o
LOAD c:/program files (x86)/cypress/psoc creator/4.4/psoc creator/import/gnu/arm/5.4.1/bin/../lib/gcc/arm-none-eabi/5.4.1/../../../../arm-none-eabi/lib/armv7-m/crt0.o
START GROUP
LOAD .\CortexM3\ARM_GCC_541\Debug\main.o
LOAD .\CortexM3\ARM_GCC_541\Debug\disp_spi.o
LOAD .\CortexM3\ARM_GCC_541\Debug\ili9341.o
LOAD .\CortexM3\ARM_GCC_541\Debug\lv_disp.o
LOAD .\CortexM3\ARM_GCC_541\Debug\lv_group.o
LOAD .\CortexM3\ARM_GCC_541\Debug\lv_indev.o
LOAD .\CortexM3\ARM_GCC_541\Debug\lv_obj.o
LOAD .\CortexM3\ARM_GCC_541\Debug\lv_refr.o
LOAD .\CortexM3\ARM_GCC_541\Debug\lv_style.o
LOAD .\CortexM3\ARM_GCC_541\Debug\lv_draw_arc.o
LOAD .\CortexM3\ARM_GCC_541\Debug\lv_draw_blend.o
LOAD .\CortexM3\ARM_GCC_541\Debug\lv_draw_img.o
LOAD .\CortexM3\ARM_GCC_541\Debug\lv_draw_label.o
LOAD .\CortexM3\ARM_GCC_541\Debug\lv_draw_line.o
LOAD .\CortexM3\ARM_GCC_541\Debug\lv_draw_mask.o
LOAD .\CortexM3\ARM_GCC_541\Debug\lv_draw_rect.o
LOAD .\CortexM3\ARM_GCC_541\Debug\lv_draw_triangle.o
LOAD .\CortexM3\ARM_GCC_541\Debug\lv_img_buf.o
LOAD .\CortexM3\ARM_GCC_541\Debug\lv_img_cache.o
LOAD .\CortexM3\ARM_GCC_541\Debug\lv_img_decoder.o
LOAD .\CortexM3\ARM_GCC_541\Debug\lv_font.o
LOAD .\CortexM3\ARM_GCC_541\Debug\lv_font_dejavu_16_persian_hebrew.o
LOAD .\CortexM3\ARM_GCC_541\Debug\lv_font_fmt_txt.o
LOAD .\CortexM3\ARM_GCC_541\Debug\lv_font_loader.o
LOAD .\CortexM3\ARM_GCC_541\Debug\lv_font_montserrat_12.o
LOAD .\CortexM3\ARM_GCC_541\Debug\lv_font_montserrat_12_subpx.o
LOAD .\CortexM3\ARM_GCC_541\Debug\lv_font_montserrat_14.o
LOAD .\CortexM3\ARM_GCC_541\Debug\lv_font_montserrat_16.o
LOAD .\CortexM3\ARM_GCC_541\Debug\lv_font_montserrat_18.o
LOAD .\CortexM3\ARM_GCC_541\Debug\lv_font_montserrat_20.o
LOAD .\CortexM3\ARM_GCC_541\Debug\lv_font_montserrat_22.o
LOAD .\CortexM3\ARM_GCC_541\Debug\lv_font_montserrat_24.o
LOAD .\CortexM3\ARM_GCC_541\Debug\lv_font_montserrat_26.o
LOAD .\CortexM3\ARM_GCC_541\Debug\lv_font_montserrat_28.o
LOAD .\CortexM3\ARM_GCC_541\Debug\lv_font_montserrat_28_compressed.o
LOAD .\CortexM3\ARM_GCC_541\Debug\lv_font_montserrat_30.o
LOAD .\CortexM3\ARM_GCC_541\Debug\lv_font_montserrat_32.o
LOAD .\CortexM3\ARM_GCC_541\Debug\lv_font_montserrat_34.o
LOAD .\CortexM3\ARM_GCC_541\Debug\lv_font_montserrat_36.o
LOAD .\CortexM3\ARM_GCC_541\Debug\lv_font_montserrat_38.o
LOAD .\CortexM3\ARM_GCC_541\Debug\lv_font_montserrat_40.o
LOAD .\CortexM3\ARM_GCC_541\Debug\lv_font_montserrat_42.o
LOAD .\CortexM3\ARM_GCC_541\Debug\lv_font_montserrat_44.o
LOAD .\CortexM3\ARM_GCC_541\Debug\lv_font_montserrat_46.o
LOAD .\CortexM3\ARM_GCC_541\Debug\lv_font_montserrat_48.o
LOAD .\CortexM3\ARM_GCC_541\Debug\lv_font_simsun_16_cjk.o
LOAD .\CortexM3\ARM_GCC_541\Debug\lv_font_unscii_8.o
LOAD .\CortexM3\ARM_GCC_541\Debug\lv_font_montserrat_8.o
LOAD .\CortexM3\ARM_GCC_541\Debug\lv_font_montserrat_10.o
LOAD .\CortexM3\ARM_GCC_541\Debug\lv_gpu_stm32_dma2d.o
LOAD .\CortexM3\ARM_GCC_541\Debug\lv_hal_disp.o
LOAD .\CortexM3\ARM_GCC_541\Debug\lv_hal_indev.o
LOAD .\CortexM3\ARM_GCC_541\Debug\lv_hal_tick.o
LOAD .\CortexM3\ARM_GCC_541\Debug\lv_anim.o
LOAD .\CortexM3\ARM_GCC_541\Debug\lv_area.o
LOAD .\CortexM3\ARM_GCC_541\Debug\lv_async.o
LOAD .\CortexM3\ARM_GCC_541\Debug\lv_bidi.o
LOAD .\CortexM3\ARM_GCC_541\Debug\lv_color.o
LOAD .\CortexM3\ARM_GCC_541\Debug\lv_debug.o
LOAD .\CortexM3\ARM_GCC_541\Debug\lv_fs.o
LOAD .\CortexM3\ARM_GCC_541\Debug\lv_gc.o
LOAD .\CortexM3\ARM_GCC_541\Debug\lv_ll.o
LOAD .\CortexM3\ARM_GCC_541\Debug\lv_log.o
LOAD .\CortexM3\ARM_GCC_541\Debug\lv_math.o
LOAD .\CortexM3\ARM_GCC_541\Debug\lv_mem.o
LOAD .\CortexM3\ARM_GCC_541\Debug\lv_printf.o
LOAD .\CortexM3\ARM_GCC_541\Debug\lv_task.o
LOAD .\CortexM3\ARM_GCC_541\Debug\lv_templ.o
LOAD .\CortexM3\ARM_GCC_541\Debug\lv_txt.o
LOAD .\CortexM3\ARM_GCC_541\Debug\lv_txt_ap.o
LOAD .\CortexM3\ARM_GCC_541\Debug\lv_utils.o
LOAD .\CortexM3\ARM_GCC_541\Debug\lv_theme.o
LOAD .\CortexM3\ARM_GCC_541\Debug\lv_theme_empty.o
LOAD .\CortexM3\ARM_GCC_541\Debug\lv_theme_material.o
LOAD .\CortexM3\ARM_GCC_541\Debug\lv_theme_mono.o
LOAD .\CortexM3\ARM_GCC_541\Debug\lv_theme_template.o
LOAD .\CortexM3\ARM_GCC_541\Debug\lv_arc.o
LOAD .\CortexM3\ARM_GCC_541\Debug\lv_bar.o
LOAD .\CortexM3\ARM_GCC_541\Debug\lv_btn.o
LOAD .\CortexM3\ARM_GCC_541\Debug\lv_btnmatrix.o
LOAD .\CortexM3\ARM_GCC_541\Debug\lv_calendar.o
LOAD .\CortexM3\ARM_GCC_541\Debug\lv_canvas.o
LOAD .\CortexM3\ARM_GCC_541\Debug\lv_chart.o
LOAD .\CortexM3\ARM_GCC_541\Debug\lv_checkbox.o
LOAD .\CortexM3\ARM_GCC_541\Debug\lv_cont.o
LOAD .\CortexM3\ARM_GCC_541\Debug\lv_cpicker.o
LOAD .\CortexM3\ARM_GCC_541\Debug\lv_dropdown.o
LOAD .\CortexM3\ARM_GCC_541\Debug\lv_gauge.o
LOAD .\CortexM3\ARM_GCC_541\Debug\lv_img.o
LOAD .\CortexM3\ARM_GCC_541\Debug\lv_imgbtn.o
LOAD .\CortexM3\ARM_GCC_541\Debug\lv_keyboard.o
LOAD .\CortexM3\ARM_GCC_541\Debug\lv_label.o
LOAD .\CortexM3\ARM_GCC_541\Debug\lv_led.o
LOAD .\CortexM3\ARM_GCC_541\Debug\lv_line.o
LOAD .\CortexM3\ARM_GCC_541\Debug\lv_linemeter.o
LOAD .\CortexM3\ARM_GCC_541\Debug\lv_list.o
LOAD .\CortexM3\ARM_GCC_541\Debug\lv_msgbox.o
LOAD .\CortexM3\ARM_GCC_541\Debug\lv_objmask.o
LOAD .\CortexM3\ARM_GCC_541\Debug\lv_objx_templ.o
LOAD .\CortexM3\ARM_GCC_541\Debug\lv_page.o
LOAD .\CortexM3\ARM_GCC_541\Debug\lv_roller.o
LOAD .\CortexM3\ARM_GCC_541\Debug\lv_slider.o
LOAD .\CortexM3\ARM_GCC_541\Debug\lv_spinbox.o
LOAD .\CortexM3\ARM_GCC_541\Debug\lv_spinner.o
LOAD .\CortexM3\ARM_GCC_541\Debug\lv_switch.o
LOAD .\CortexM3\ARM_GCC_541\Debug\lv_table.o
LOAD .\CortexM3\ARM_GCC_541\Debug\lv_tabview.o
LOAD .\CortexM3\ARM_GCC_541\Debug\lv_textarea.o
LOAD .\CortexM3\ARM_GCC_541\Debug\lv_tileview.o
LOAD .\CortexM3\ARM_GCC_541\Debug\lv_win.o
LOAD .\CortexM3\ARM_GCC_541\Debug\spi_dma.o
LOAD .\CortexM3\ARM_GCC_541\Debug\psoc_platform.o
LOAD .\CortexM3\ARM_GCC_541\Debug\GUI.o
LOAD .\CortexM3\ARM_GCC_541\Debug\cyfitter_cfg.o
LOAD .\CortexM3\ARM_GCC_541\Debug\cymetadata.o
LOAD .\CortexM3\ARM_GCC_541\Debug\Cm3Start.o
LOAD .\CortexM3\ARM_GCC_541\Debug\ili9341_master.a
LOAD C:\Program Files (x86)\Cypress\PSoC Creator\4.4\PSoC Creator\psoc\content\cycomponentlibrary\CyComponentLibrary.cylib\CortexM3\ARM_GCC_541\Debug\CyComponentLibrary.a
END GROUP
START GROUP
LOAD c:/program files (x86)/cypress/psoc creator/4.4/psoc creator/import/gnu/arm/5.4.1/bin/../lib/gcc/arm-none-eabi/5.4.1/armv7-m\libgcc.a
LOAD c:/program files (x86)/cypress/psoc creator/4.4/psoc creator/import/gnu/arm/5.4.1/bin/../lib/gcc/arm-none-eabi/5.4.1/../../../../arm-none-eabi/lib/armv7-m\libg_nano.a
LOAD c:/program files (x86)/cypress/psoc creator/4.4/psoc creator/import/gnu/arm/5.4.1/bin/../lib/gcc/arm-none-eabi/5.4.1/../../../../arm-none-eabi/lib/armv7-m\libc_nano.a
END GROUP
START GROUP
LOAD c:/program files (x86)/cypress/psoc creator/4.4/psoc creator/import/gnu/arm/5.4.1/bin/../lib/gcc/arm-none-eabi/5.4.1/armv7-m\libgcc.a
LOAD c:/program files (x86)/cypress/psoc creator/4.4/psoc creator/import/gnu/arm/5.4.1/bin/../lib/gcc/arm-none-eabi/5.4.1/../../../../arm-none-eabi/lib/armv7-m\libc_nano.a
END GROUP
LOAD c:/program files (x86)/cypress/psoc creator/4.4/psoc creator/import/gnu/arm/5.4.1/bin/../lib/gcc/arm-none-eabi/5.4.1/armv7-m/crtend.o
LOAD c:/program files (x86)/cypress/psoc creator/4.4/psoc creator/import/gnu/arm/5.4.1/bin/../lib/gcc/arm-none-eabi/5.4.1/armv7-m/crtn.o
START GROUP
LOAD c:/program files (x86)/cypress/psoc creator/4.4/psoc creator/import/gnu/arm/5.4.1/bin/../lib/gcc/arm-none-eabi/5.4.1/armv7-m\libgcc.a
LOAD c:/program files (x86)/cypress/psoc creator/4.4/psoc creator/import/gnu/arm/5.4.1/bin/../lib/gcc/arm-none-eabi/5.4.1/../../../../arm-none-eabi/lib/armv7-m\libc.a
LOAD c:/program files (x86)/cypress/psoc creator/4.4/psoc creator/import/gnu/arm/5.4.1/bin/../lib/gcc/arm-none-eabi/5.4.1/../../../../arm-none-eabi/lib/armv7-m\libnosys.a
END GROUP
                0x00000000                CY_APPL_ORIGIN = 0x0
                0x00000100                CY_FLASH_ROW_SIZE = 0x100
                0x00000020                CY_ECC_ROW_SIZE = 0x20
                0x00000000                CY_EE_IN_BTLDR = 0x0
                0x00000000                CY_APPL_LOADABLE = 0x0
                0x00000800                CY_EE_SIZE = 0x800
                0x00000001                CY_APPL_NUM = 0x1
                0x00000001                CY_APPL_MAX = 0x1
                0x00000040                CY_METADATA_SIZE = 0x40
                0x00000000                CY_APPL_LOADABLE = 0x0
                0x00000000                CY_CHECKSUM_EXCLUDE_SIZE = ALIGN (0x0, CY_FLASH_ROW_SIZE)
                [!provide]                PROVIDE (__cy_heap_start, _end)
                0x00000001                PROVIDE (__cy_region_num, ((__cy_regions_end - __cy_regions) / 0x10))
                0x20008000                PROVIDE (__cy_stack, (ORIGIN (ram) + LENGTH (ram)))
                [!provide]                PROVIDE (__cy_heap_end, (__cy_stack - 0x4000))

.cybootloader   0x00000000        0x0
 *(.cybootloader)
                0x00000000                appl1_start = CY_APPL_ORIGIN?CY_APPL_ORIGIN:ALIGN (CY_FLASH_ROW_SIZE)
                0x0001ff00                appl2_start = (appl1_start + ALIGN ((((LENGTH (rom) - appl1_start) - (0x2 * CY_FLASH_ROW_SIZE)) / 0x2), CY_FLASH_ROW_SIZE))
                0x00000000                appl_start = (CY_APPL_NUM == 0x1)?appl1_start:appl2_start
                0x00000000                ecc_offset = ((appl_start / CY_FLASH_ROW_SIZE) * CY_ECC_ROW_SIZE)
                0x00000000                ee_offset = (CY_APPL_LOADABLE && ! (CY_EE_IN_BTLDR))?((CY_EE_SIZE / CY_APPL_MAX) * (CY_APPL_NUM - 0x1)):0x0
                0x00000800                ee_size = (CY_APPL_LOADABLE && ! (CY_EE_IN_BTLDR))?(CY_EE_SIZE / CY_APPL_MAX):CY_EE_SIZE
                [!provide]                PROVIDE (CY_ECC_OFFSET, ecc_offset)

.text           0x00000000    0x1dce4
 CREATE_OBJECT_SYMBOLS
                0x00000000                PROVIDE (__cy_interrupt_vector, RomVectors)
 *(.romvectors)
 .romvectors    0x00000000       0x10 .\CortexM3\ARM_GCC_541\Debug\Cm3Start.o
                0x00000000                RomVectors
                0x00000001                ASSERT ((. != __cy_interrupt_vector), No interrupt vector)
                0x00000001                ASSERT (CY_APPL_ORIGIN?(SIZEOF (.cybootloader) <= CY_APPL_ORIGIN):0x1, Wrong image location)
                0x00000010                PROVIDE (__cy_reset, Reset)
 *(.text.Reset)
 .text.Reset    0x00000010       0x18 .\CortexM3\ARM_GCC_541\Debug\Cm3Start.o
                0x00000010                Reset
                0x00000001                ASSERT ((. != __cy_reset), No reset code)
 *(.dma_init)
                0x00000001                ASSERT ((((appl_start + .) <= 0x10000) || 0x1), DMA Init must be within the first 64k of flash)
 *(.text .text.* .gnu.linkonce.t.*)
 .text          0x00000028       0x5c c:/program files (x86)/cypress/psoc creator/4.4/psoc creator/import/gnu/arm/5.4.1/bin/../lib/gcc/arm-none-eabi/5.4.1/armv7-m/crtbegin.o
 .text.voltage_ddlist_handler
                0x00000084        0x4 .\CortexM3\ARM_GCC_541\Debug\main.o
 .text.get_encoder_diff
                0x00000088       0x18 .\CortexM3\ARM_GCC_541\Debug\main.o
 .text.encoder_read
                0x000000a0       0x20 .\CortexM3\ARM_GCC_541\Debug\main.o
 .text.button_callback
                0x000000c0       0x30 .\CortexM3\ARM_GCC_541\Debug\main.o
 .text.type_param_ok_callback
                0x000000f0       0x4c .\CortexM3\ARM_GCC_541\Debug\main.o
 .text.voltage_ok_btn_handler
                0x0000013c       0x34 .\CortexM3\ARM_GCC_541\Debug\main.o
 .text.pulses_ok_btn_handler
                0x00000170       0x40 .\CortexM3\ARM_GCC_541\Debug\main.o
 .text.parameter_list_container_event_handler
                0x000001b0      0x124 .\CortexM3\ARM_GCC_541\Debug\main.o
 .text.create_voltage_container_widgets
                0x000002d4       0x90 .\CortexM3\ARM_GCC_541\Debug\main.o
 .text.create_type_container_widgets
                0x00000364      0x10c .\CortexM3\ARM_GCC_541\Debug\main.o
 .text.create_pulses_container_widgets
                0x00000470       0xb0 .\CortexM3\ARM_GCC_541\Debug\main.o
 .text.create_application_screen
                0x00000520      0x198 .\CortexM3\ARM_GCC_541\Debug\main.o
 .text.burst_type_list_handler
                0x000006b8       0x60 .\CortexM3\ARM_GCC_541\Debug\main.o
 .text.timer_tick_handler
                0x00000718        0xc .\CortexM3\ARM_GCC_541\Debug\main.o
                0x00000718                timer_tick_handler
 .text.spi_tx_dma_done
                0x00000724       0x10 .\CortexM3\ARM_GCC_541\Debug\main.o
                0x00000724                spi_tx_dma_done
 .text.spi_tx_isr_handler
                0x00000734       0x38 .\CortexM3\ARM_GCC_541\Debug\main.o
                0x00000734                spi_tx_isr_handler
 .text.main     0x0000076c       0xf4 .\CortexM3\ARM_GCC_541\Debug\main.o
                0x0000076c                main
 .text.display_tl_poll_is_busy
                0x00000860        0xc .\CortexM3\ARM_GCC_541\Debug\disp_spi.o
                0x00000860                display_tl_poll_is_busy
 .text.display_spi_transaction
                0x0000086c       0x3c .\CortexM3\ARM_GCC_541\Debug\disp_spi.o
                0x0000086c                display_spi_transaction
 .text.display_colors_sent_notification
                0x000008a8       0x1c .\CortexM3\ARM_GCC_541\Debug\disp_spi.o
                0x000008a8                display_colors_sent_notification
 .text.ili9341_send_data
                0x000008c4       0x30 .\CortexM3\ARM_GCC_541\Debug\ili9341.o
 .text.ili9341_send_cmd
                0x000008f4       0x34 .\CortexM3\ARM_GCC_541\Debug\ili9341.o
 .text.ili9341_set_orientation
                0x00000928       0x2c .\CortexM3\ARM_GCC_541\Debug\ili9341.o
 .text.ili9341_send_color
                0x00000954       0x30 .\CortexM3\ARM_GCC_541\Debug\ili9341.o
 .text.ili9341_reset
                0x00000984       0x20 .\CortexM3\ARM_GCC_541\Debug\ili9341.o
                0x00000984                ili9341_reset
 .text.ili9341_flush
                0x000009a4       0x9c .\CortexM3\ARM_GCC_541\Debug\ili9341.o
                0x000009a4                ili9341_flush
 .text.ili9341_enable_backlight
                0x00000a40        0xc .\CortexM3\ARM_GCC_541\Debug\ili9341.o
                0x00000a40                ili9341_enable_backlight
 .text.ili9341_init
                0x00000a4c      0x2d4 .\CortexM3\ARM_GCC_541\Debug\ili9341.o
                0x00000a4c                ili9341_init
 .text.lv_disp_get_scr_act
                0x00000d20       0x18 .\CortexM3\ARM_GCC_541\Debug\lv_disp.o
                0x00000d20                lv_disp_get_scr_act
 .text.lv_disp_get_scr_prev
                0x00000d38       0x18 .\CortexM3\ARM_GCC_541\Debug\lv_disp.o
                0x00000d38                lv_disp_get_scr_prev
 .text.lv_disp_load_scr
                0x00000d50       0x14 .\CortexM3\ARM_GCC_541\Debug\lv_disp.o
                0x00000d50                lv_disp_load_scr
 .text.lv_disp_get_layer_top
                0x00000d64       0x18 .\CortexM3\ARM_GCC_541\Debug\lv_disp.o
                0x00000d64                lv_disp_get_layer_top
 .text.lv_disp_get_layer_sys
                0x00000d7c       0x18 .\CortexM3\ARM_GCC_541\Debug\lv_disp.o
                0x00000d7c                lv_disp_get_layer_sys
 .text.obj_to_foreground
                0x00000d94       0x24 .\CortexM3\ARM_GCC_541\Debug\lv_group.o
 .text.focus_next_core
                0x00000db8       0xcc .\CortexM3\ARM_GCC_541\Debug\lv_group.o
 .text._lv_group_init
                0x00000e84       0x10 .\CortexM3\ARM_GCC_541\Debug\lv_group.o
                0x00000e84                _lv_group_init
 .text.lv_group_create
                0x00000e94       0x5c .\CortexM3\ARM_GCC_541\Debug\lv_group.o
                0x00000e94                lv_group_create
 .text.lv_group_focus_next
                0x00000ef0       0x14 .\CortexM3\ARM_GCC_541\Debug\lv_group.o
                0x00000ef0                lv_group_focus_next
 .text.lv_group_focus_prev
                0x00000f04       0x14 .\CortexM3\ARM_GCC_541\Debug\lv_group.o
                0x00000f04                lv_group_focus_prev
 .text.lv_group_refocus
                0x00000f18       0x30 .\CortexM3\ARM_GCC_541\Debug\lv_group.o
 .text.lv_group_add_obj
                0x00000f48       0x6c .\CortexM3\ARM_GCC_541\Debug\lv_group.o
                0x00000f48                lv_group_add_obj
 .text.lv_group_remove_obj
                0x00000fb4       0x94 .\CortexM3\ARM_GCC_541\Debug\lv_group.o
                0x00000fb4                lv_group_remove_obj
 .text.lv_group_get_focused
                0x00001048       0x14 .\CortexM3\ARM_GCC_541\Debug\lv_group.o
                0x00001048                lv_group_get_focused
 .text.lv_group_send_data
                0x0000105c       0x2c .\CortexM3\ARM_GCC_541\Debug\lv_group.o
                0x0000105c                lv_group_send_data
 .text.lv_group_set_editing
                0x00001088       0x44 .\CortexM3\ARM_GCC_541\Debug\lv_group.o
                0x00001088                lv_group_set_editing
 .text.lv_group_focus_obj
                0x000010cc       0xac .\CortexM3\ARM_GCC_541\Debug\lv_group.o
                0x000010cc                lv_group_focus_obj
 .text.lv_group_get_editing
                0x00001178       0x10 .\CortexM3\ARM_GCC_541\Debug\lv_group.o
                0x00001178                lv_group_get_editing
 .text.indev_proc_reset_query_handler
                0x00001188       0x54 .\CortexM3\ARM_GCC_541\Debug\lv_indev.o
 .text.indev_reset_check
                0x000011dc       0x20 .\CortexM3\ARM_GCC_541\Debug\lv_indev.o
 .text.get_dragged_obj
                0x000011fc       0x28 .\CortexM3\ARM_GCC_541\Debug\lv_indev.o
 .text.indev_drag_throw
                0x00001224      0x1ac .\CortexM3\ARM_GCC_541\Debug\lv_indev.o
 .text.indev_proc_release
                0x000013d0      0x18c .\CortexM3\ARM_GCC_541\Debug\lv_indev.o
 .text.indev_click_focus
                0x0000155c      0x160 .\CortexM3\ARM_GCC_541\Debug\lv_indev.o
 .text.indev_drag
                0x000016bc      0x2d0 .\CortexM3\ARM_GCC_541\Debug\lv_indev.o
 .text.indev_gesture
                0x0000198c       0xe8 .\CortexM3\ARM_GCC_541\Debug\lv_indev.o
 .text.indev_keypad_proc
                0x00001a74      0x2f8 .\CortexM3\ARM_GCC_541\Debug\lv_indev.o
 .text.indev_encoder_proc
                0x00001d6c      0x45c .\CortexM3\ARM_GCC_541\Debug\lv_indev.o
 .text.lv_indev_get_act
                0x000021c8        0xc .\CortexM3\ARM_GCC_541\Debug\lv_indev.o
                0x000021c8                lv_indev_get_act
 .text.lv_indev_get_type
                0x000021d4        0xc .\CortexM3\ARM_GCC_541\Debug\lv_indev.o
                0x000021d4                lv_indev_get_type
 .text.lv_indev_reset
                0x000021e0       0x6c .\CortexM3\ARM_GCC_541\Debug\lv_indev.o
                0x000021e0                lv_indev_reset
 .text._lv_indev_init
                0x0000224c        0xc .\CortexM3\ARM_GCC_541\Debug\lv_indev.o
                0x0000224c                _lv_indev_init
 .text.lv_indev_set_group
                0x00002258       0x10 .\CortexM3\ARM_GCC_541\Debug\lv_indev.o
                0x00002258                lv_indev_set_group
 .text.lv_indev_get_point
                0x00002268       0x30 .\CortexM3\ARM_GCC_541\Debug\lv_indev.o
                0x00002268                lv_indev_get_point
 .text.lv_indev_is_dragging
                0x00002298       0x20 .\CortexM3\ARM_GCC_541\Debug\lv_indev.o
                0x00002298                lv_indev_is_dragging
 .text.lv_indev_get_vect
                0x000022b8       0x2c .\CortexM3\ARM_GCC_541\Debug\lv_indev.o
                0x000022b8                lv_indev_get_vect
 .text.lv_indev_get_obj_act
                0x000022e4        0xc .\CortexM3\ARM_GCC_541\Debug\lv_indev.o
                0x000022e4                lv_indev_get_obj_act
 .text.lv_indev_search_obj
                0x000022f0       0x6c .\CortexM3\ARM_GCC_541\Debug\lv_indev.o
                0x000022f0                lv_indev_search_obj
 .text.indev_proc_press
                0x0000235c      0x360 .\CortexM3\ARM_GCC_541\Debug\lv_indev.o
 .text.indev_pointer_proc
                0x000026bc       0x54 .\CortexM3\ARM_GCC_541\Debug\lv_indev.o
 .text.indev_button_proc
                0x00002710       0x4c .\CortexM3\ARM_GCC_541\Debug\lv_indev.o
 .text._lv_indev_read_task
                0x0000275c       0xbc .\CortexM3\ARM_GCC_541\Debug\lv_indev.o
                0x0000275c                _lv_indev_read_task
 .text.lv_event_mark_deleted
                0x00002818       0x1c .\CortexM3\ARM_GCC_541\Debug\lv_obj.o
 .text.style_prop_is_cacheble
                0x00002834       0xa8 .\CortexM3\ARM_GCC_541\Debug\lv_obj.o
 .text.refresh_children_position
                0x000028dc       0x48 .\CortexM3\ARM_GCC_541\Debug\lv_obj.o
 .text.style_snapshot_compare
                0x00002924      0x174 .\CortexM3\ARM_GCC_541\Debug\lv_obj.o
 .text.lv_init  0x00002a98       0xb0 .\CortexM3\ARM_GCC_541\Debug\lv_obj.o
                0x00002a98                lv_init
 .text.lv_obj_set_click
                0x00002b48       0x2c .\CortexM3\ARM_GCC_541\Debug\lv_obj.o
                0x00002b48                lv_obj_set_click
 .text.lv_obj_set_drag
                0x00002b74       0x34 .\CortexM3\ARM_GCC_541\Debug\lv_obj.o
                0x00002b74                lv_obj_set_drag
 .text.lv_obj_set_drag_throw
                0x00002ba8       0x2c .\CortexM3\ARM_GCC_541\Debug\lv_obj.o
                0x00002ba8                lv_obj_set_drag_throw
 .text.lv_obj_set_drag_parent
                0x00002bd4       0x2c .\CortexM3\ARM_GCC_541\Debug\lv_obj.o
                0x00002bd4                lv_obj_set_drag_parent
 .text.lv_obj_add_protect
                0x00002c00       0x28 .\CortexM3\ARM_GCC_541\Debug\lv_obj.o
                0x00002c00                lv_obj_add_protect
 .text.lv_obj_clear_protect
                0x00002c28       0x2c .\CortexM3\ARM_GCC_541\Debug\lv_obj.o
                0x00002c28                lv_obj_clear_protect
 .text.lv_obj_set_event_cb
                0x00002c54       0x20 .\CortexM3\ARM_GCC_541\Debug\lv_obj.o
                0x00002c54                lv_obj_set_event_cb
 .text.lv_event_send_func
                0x00002c74       0xac .\CortexM3\ARM_GCC_541\Debug\lv_obj.o
                0x00002c74                lv_event_send_func
 .text.lv_event_send
                0x00002d20       0x34 .\CortexM3\ARM_GCC_541\Debug\lv_obj.o
                0x00002d20                lv_event_send
 .text.lv_event_get_data
                0x00002d54        0xc .\CortexM3\ARM_GCC_541\Debug\lv_obj.o
                0x00002d54                lv_event_get_data
 .text.lv_obj_set_signal_cb
                0x00002d60       0x20 .\CortexM3\ARM_GCC_541\Debug\lv_obj.o
                0x00002d60                lv_obj_set_signal_cb
 .text.lv_signal_send
                0x00002d80       0x14 .\CortexM3\ARM_GCC_541\Debug\lv_obj.o
                0x00002d80                lv_signal_send
 .text.lv_obj_set_design_cb
                0x00002d94       0x20 .\CortexM3\ARM_GCC_541\Debug\lv_obj.o
                0x00002d94                lv_obj_set_design_cb
 .text.lv_obj_allocate_ext_attr
                0x00002db4       0x30 .\CortexM3\ARM_GCC_541\Debug\lv_obj.o
                0x00002db4                lv_obj_allocate_ext_attr
 .text.lv_obj_refresh_ext_draw_pad
                0x00002de4       0x28 .\CortexM3\ARM_GCC_541\Debug\lv_obj.o
                0x00002de4                lv_obj_refresh_ext_draw_pad
 .text.lv_obj_get_parent
                0x00002e0c       0x20 .\CortexM3\ARM_GCC_541\Debug\lv_obj.o
                0x00002e0c                lv_obj_get_parent
 .text.lv_obj_get_screen
                0x00002e2c       0x2c .\CortexM3\ARM_GCC_541\Debug\lv_obj.o
                0x00002e2c                lv_obj_get_screen
 .text.lv_obj_get_disp
                0x00002e58       0x68 .\CortexM3\ARM_GCC_541\Debug\lv_obj.o
                0x00002e58                lv_obj_get_disp
 .text.lv_obj_get_child
                0x00002ec0       0x30 .\CortexM3\ARM_GCC_541\Debug\lv_obj.o
                0x00002ec0                lv_obj_get_child
 .text.base_dir_refr_children
                0x00002ef0       0x3c .\CortexM3\ARM_GCC_541\Debug\lv_obj.o
 .text.lv_obj_set_base_dir
                0x00002f2c       0x28 .\CortexM3\ARM_GCC_541\Debug\lv_obj.o
                0x00002f2c                lv_obj_set_base_dir
 .text.lv_obj_get_coords
                0x00002f54       0x34 .\CortexM3\ARM_GCC_541\Debug\lv_obj.o
                0x00002f54                lv_obj_get_coords
 .text.lv_obj_get_x
                0x00002f88       0x38 .\CortexM3\ARM_GCC_541\Debug\lv_obj.o
                0x00002f88                lv_obj_get_x
 .text.lv_obj_get_y
                0x00002fc0       0x38 .\CortexM3\ARM_GCC_541\Debug\lv_obj.o
                0x00002fc0                lv_obj_get_y
 .text.lv_obj_get_width
                0x00002ff8       0x2c .\CortexM3\ARM_GCC_541\Debug\lv_obj.o
                0x00002ff8                lv_obj_get_width
 .text.lv_obj_get_height
                0x00003024       0x2c .\CortexM3\ARM_GCC_541\Debug\lv_obj.o
                0x00003024                lv_obj_get_height
 .text.lv_obj_get_auto_realign
                0x00003050       0x24 .\CortexM3\ARM_GCC_541\Debug\lv_obj.o
                0x00003050                lv_obj_get_auto_realign
 .text.lv_obj_get_style_list
                0x00003074       0x2c .\CortexM3\ARM_GCC_541\Debug\lv_obj.o
                0x00003074                lv_obj_get_style_list
 .text.trans_del
                0x000030a0       0x74 .\CortexM3\ARM_GCC_541\Debug\lv_obj.o
 .text.lv_obj_clean_style_list
                0x00003114       0x20 .\CortexM3\ARM_GCC_541\Debug\lv_obj.o
                0x00003114                lv_obj_clean_style_list
 .text._lv_obj_disable_style_caching
                0x00003134       0x44 .\CortexM3\ARM_GCC_541\Debug\lv_obj.o
                0x00003134                _lv_obj_disable_style_caching
 .text.trans_anim_ready_cb
                0x00003178       0x60 .\CortexM3\ARM_GCC_541\Debug\lv_obj.o
 .text.lv_obj_get_hidden
                0x000031d8       0x24 .\CortexM3\ARM_GCC_541\Debug\lv_obj.o
                0x000031d8                lv_obj_get_hidden
 .text.lv_obj_area_is_visible
                0x000031fc       0xd8 .\CortexM3\ARM_GCC_541\Debug\lv_obj.o
                0x000031fc                lv_obj_area_is_visible
 .text.lv_obj_invalidate_area
                0x000032d4       0x4c .\CortexM3\ARM_GCC_541\Debug\lv_obj.o
                0x000032d4                lv_obj_invalidate_area
 .text.lv_obj_invalidate
                0x00003320       0x70 .\CortexM3\ARM_GCC_541\Debug\lv_obj.o
                0x00003320                lv_obj_invalidate
 .text.lv_obj_move_foreground
                0x00003390       0x54 .\CortexM3\ARM_GCC_541\Debug\lv_obj.o
                0x00003390                lv_obj_move_foreground
 .text.lv_obj_set_pos
                0x000033e4       0xac .\CortexM3\ARM_GCC_541\Debug\lv_obj.o
                0x000033e4                lv_obj_set_pos
 .text.lv_obj_set_x
                0x00003490       0x30 .\CortexM3\ARM_GCC_541\Debug\lv_obj.o
                0x00003490                lv_obj_set_x
 .text.lv_obj_set_y
                0x000034c0       0x30 .\CortexM3\ARM_GCC_541\Debug\lv_obj.o
                0x000034c0                lv_obj_set_y
 .text.obj_align_core
                0x000034f0       0x74 .\CortexM3\ARM_GCC_541\Debug\lv_obj.o
 .text.lv_obj_align
                0x00003564       0x78 .\CortexM3\ARM_GCC_541\Debug\lv_obj.o
                0x00003564                lv_obj_align
 .text.obj_align_mid_core
                0x000035dc      0x2c4 .\CortexM3\ARM_GCC_541\Debug\lv_obj.o
 .text.lv_obj_align_mid
                0x000038a0       0x78 .\CortexM3\ARM_GCC_541\Debug\lv_obj.o
                0x000038a0                lv_obj_align_mid
 .text.lv_obj_realign
                0x00003918       0x58 .\CortexM3\ARM_GCC_541\Debug\lv_obj.o
                0x00003918                lv_obj_realign
 .text.refresh_children_style
                0x00003970       0x3c .\CortexM3\ARM_GCC_541\Debug\lv_obj.o
 .text.lv_obj_set_hidden
                0x000039ac       0x60 .\CortexM3\ARM_GCC_541\Debug\lv_obj.o
                0x000039ac                lv_obj_set_hidden
 .text.lv_obj_get_click
                0x00003a0c       0x24 .\CortexM3\ARM_GCC_541\Debug\lv_obj.o
                0x00003a0c                lv_obj_get_click
 .text.lv_obj_get_drag
                0x00003a30       0x24 .\CortexM3\ARM_GCC_541\Debug\lv_obj.o
                0x00003a30                lv_obj_get_drag
 .text.lv_obj_get_drag_dir
                0x00003a54       0x24 .\CortexM3\ARM_GCC_541\Debug\lv_obj.o
                0x00003a54                lv_obj_get_drag_dir
 .text.lv_obj_get_drag_throw
                0x00003a78       0x24 .\CortexM3\ARM_GCC_541\Debug\lv_obj.o
                0x00003a78                lv_obj_get_drag_throw
 .text.lv_obj_get_drag_parent
                0x00003a9c        0xc .\CortexM3\ARM_GCC_541\Debug\lv_obj.o
                0x00003a9c                lv_obj_get_drag_parent
 .text.lv_obj_get_gesture_parent
                0x00003aa8        0xc .\CortexM3\ARM_GCC_541\Debug\lv_obj.o
                0x00003aa8                lv_obj_get_gesture_parent
 .text.lv_obj_get_focus_parent
                0x00003ab4        0xc .\CortexM3\ARM_GCC_541\Debug\lv_obj.o
                0x00003ab4                lv_obj_get_focus_parent
 .text.lv_obj_get_base_dir
                0x00003ac0       0x20 .\CortexM3\ARM_GCC_541\Debug\lv_obj.o
                0x00003ac0                lv_obj_get_base_dir
 .text.lv_obj_create
                0x00003ae0      0x408 .\CortexM3\ARM_GCC_541\Debug\lv_obj.o
                0x00003ae0                lv_obj_create
 .text.lv_obj_set_parent
                0x00003ee8       0xd8 .\CortexM3\ARM_GCC_541\Debug\lv_obj.o
                0x00003ee8                lv_obj_set_parent
 .text.lv_obj_set_size
                0x00003fc0       0xc4 .\CortexM3\ARM_GCC_541\Debug\lv_obj.o
                0x00003fc0                lv_obj_set_size
 .text.lv_obj_set_width
                0x00004084       0x30 .\CortexM3\ARM_GCC_541\Debug\lv_obj.o
                0x00004084                lv_obj_set_width
 .text.lv_obj_set_height
                0x000040b4       0x30 .\CortexM3\ARM_GCC_541\Debug\lv_obj.o
                0x000040b4                lv_obj_set_height
 .text.lv_obj_is_protected
                0x000040e4       0x2c .\CortexM3\ARM_GCC_541\Debug\lv_obj.o
                0x000040e4                lv_obj_is_protected
 .text.lv_obj_get_state
                0x00004110       0x44 .\CortexM3\ARM_GCC_541\Debug\lv_obj.o
                0x00004110                lv_obj_get_state
 .text._lv_obj_get_style_color
                0x00004154       0x78 .\CortexM3\ARM_GCC_541\Debug\lv_obj.o
                0x00004154                _lv_obj_get_style_color
 .text._lv_obj_get_style_opa
                0x000041cc       0xf8 .\CortexM3\ARM_GCC_541\Debug\lv_obj.o
                0x000041cc                _lv_obj_get_style_opa
 .text.update_style_cache
                0x000042c4      0x330 .\CortexM3\ARM_GCC_541\Debug\lv_obj.o
 .text._lv_obj_get_style_ptr
                0x000045f4       0xf0 .\CortexM3\ARM_GCC_541\Debug\lv_obj.o
                0x000045f4                _lv_obj_get_style_ptr
 .text._lv_obj_get_style_int
                0x000046e4      0x220 .\CortexM3\ARM_GCC_541\Debug\lv_obj.o
                0x000046e4                _lv_obj_get_style_int
 .text.lv_obj_set_width_fit
                0x00004904       0x28 .\CortexM3\ARM_GCC_541\Debug\lv_obj.o
                0x00004904                lv_obj_set_width_fit
 .text.lv_obj_get_width_fit
                0x0000492c       0x40 .\CortexM3\ARM_GCC_541\Debug\lv_obj.o
                0x0000492c                lv_obj_get_width_fit
 .text.update_style_cache_children
                0x0000496c       0xf8 .\CortexM3\ARM_GCC_541\Debug\lv_obj.o
 .text.invalidate_style_cache
                0x00004a64       0x88 .\CortexM3\ARM_GCC_541\Debug\lv_obj.o
 .text.lv_obj_refresh_style
                0x00004aec       0xe8 .\CortexM3\ARM_GCC_541\Debug\lv_obj.o
                0x00004aec                lv_obj_refresh_style
 .text.lv_obj_reset_style_list
                0x00004bd4       0x18 .\CortexM3\ARM_GCC_541\Debug\lv_obj.o
                0x00004bd4                lv_obj_reset_style_list
 .text._lv_obj_set_style_local_ptr
                0x00004bec       0x30 .\CortexM3\ARM_GCC_541\Debug\lv_obj.o
                0x00004bec                _lv_obj_set_style_local_ptr
 .text.report_style_mod_core
                0x00004c1c       0x94 .\CortexM3\ARM_GCC_541\Debug\lv_obj.o
 .text.lv_obj_report_style_mod
                0x00004cb0       0x40 .\CortexM3\ARM_GCC_541\Debug\lv_obj.o
                0x00004cb0                lv_obj_report_style_mod
 .text.trans_anim_cb
                0x00004cf0      0x130 .\CortexM3\ARM_GCC_541\Debug\lv_obj.o
 .text.lv_obj_finish_transitions
                0x00004e20       0x48 .\CortexM3\ARM_GCC_541\Debug\lv_obj.o
                0x00004e20                lv_obj_finish_transitions
 .text.trans_anim_start_cb
                0x00004e68       0x60 .\CortexM3\ARM_GCC_541\Debug\lv_obj.o
 .text.trans_create
                0x00004ec8      0x2c8 .\CortexM3\ARM_GCC_541\Debug\lv_obj.o
 .text.lv_obj_get_signal_cb
                0x00005190       0x20 .\CortexM3\ARM_GCC_541\Debug\lv_obj.o
                0x00005190                lv_obj_get_signal_cb
 .text.lv_obj_get_design_cb
                0x000051b0       0x20 .\CortexM3\ARM_GCC_541\Debug\lv_obj.o
                0x000051b0                lv_obj_get_design_cb
 .text.lv_obj_get_ext_attr
                0x000051d0       0x20 .\CortexM3\ARM_GCC_541\Debug\lv_obj.o
                0x000051d0                lv_obj_get_ext_attr
 .text.lv_obj_get_group
                0x000051f0       0x20 .\CortexM3\ARM_GCC_541\Debug\lv_obj.o
                0x000051f0                lv_obj_get_group
 .text.obj_del_core
                0x00005210       0xd4 .\CortexM3\ARM_GCC_541\Debug\lv_obj.o
 .text.lv_obj_del
                0x000052e4       0x64 .\CortexM3\ARM_GCC_541\Debug\lv_obj.o
                0x000052e4                lv_obj_del
 .text.lv_obj_is_focused
                0x00005348       0x34 .\CortexM3\ARM_GCC_541\Debug\lv_obj.o
                0x00005348                lv_obj_is_focused
 .text.lv_obj_is_point_on_coords
                0x0000537c       0x40 .\CortexM3\ARM_GCC_541\Debug\lv_obj.o
                0x0000537c                lv_obj_is_point_on_coords
 .text.lv_obj_hittest
                0x000053bc       0x30 .\CortexM3\ARM_GCC_541\Debug\lv_obj.o
                0x000053bc                lv_obj_hittest
 .text.lv_obj_handle_get_type_signal
                0x000053ec       0x1c .\CortexM3\ARM_GCC_541\Debug\lv_obj.o
                0x000053ec                lv_obj_handle_get_type_signal
 .text.lv_obj_init_draw_rect_dsc
                0x00005408      0x310 .\CortexM3\ARM_GCC_541\Debug\lv_obj.o
                0x00005408                lv_obj_init_draw_rect_dsc
 .text.lv_obj_design
                0x00005718      0x2c0 .\CortexM3\ARM_GCC_541\Debug\lv_obj.o
 .text.lv_obj_init_draw_label_dsc
                0x000059d8       0xc0 .\CortexM3\ARM_GCC_541\Debug\lv_obj.o
                0x000059d8                lv_obj_init_draw_label_dsc
 .text.lv_obj_init_draw_img_dsc
                0x00005a98       0x9c .\CortexM3\ARM_GCC_541\Debug\lv_obj.o
                0x00005a98                lv_obj_init_draw_img_dsc
 .text.lv_obj_init_draw_line_dsc
                0x00005b34       0xa0 .\CortexM3\ARM_GCC_541\Debug\lv_obj.o
                0x00005b34                lv_obj_init_draw_line_dsc
 .text.style_snapshot
                0x00005bd4      0x1f0 .\CortexM3\ARM_GCC_541\Debug\lv_obj.o
 .text.lv_obj_set_state
                0x00005dc4      0x1f8 .\CortexM3\ARM_GCC_541\Debug\lv_obj.o
                0x00005dc4                lv_obj_set_state
 .text.lv_obj_add_state
                0x00005fbc       0x30 .\CortexM3\ARM_GCC_541\Debug\lv_obj.o
                0x00005fbc                lv_obj_add_state
 .text.lv_obj_clear_state
                0x00005fec       0x30 .\CortexM3\ARM_GCC_541\Debug\lv_obj.o
                0x00005fec                lv_obj_clear_state
 .text.lv_obj_get_draw_rect_ext_pad_size
                0x0000601c      0x208 .\CortexM3\ARM_GCC_541\Debug\lv_obj.o
                0x0000601c                lv_obj_get_draw_rect_ext_pad_size
 .text.lv_obj_get_focused_obj
                0x00006224       0x28 .\CortexM3\ARM_GCC_541\Debug\lv_obj.o
                0x00006224                lv_obj_get_focused_obj
 .text.lv_obj_signal
                0x0000624c      0x100 .\CortexM3\ARM_GCC_541\Debug\lv_obj.o
 .text.lv_obj_set_focus_parent
                0x0000634c       0x60 .\CortexM3\ARM_GCC_541\Debug\lv_obj.o
                0x0000634c                lv_obj_set_focus_parent
 .text.lv_refr_join_area
                0x000063ac       0xe4 .\CortexM3\ARM_GCC_541\Debug\lv_refr.o
 .text.lv_refr_get_top_obj
                0x00006490       0x9c .\CortexM3\ARM_GCC_541\Debug\lv_refr.o
 .text.lv_refr_obj
                0x0000652c       0xe8 .\CortexM3\ARM_GCC_541\Debug\lv_refr.o
 .text.lv_refr_obj_and_children
                0x00006614       0x6c .\CortexM3\ARM_GCC_541\Debug\lv_refr.o
 .text._lv_refr_init
                0x00006680        0x4 .\CortexM3\ARM_GCC_541\Debug\lv_refr.o
                0x00006680                _lv_refr_init
 .text._lv_inv_area
                0x00006684       0xec .\CortexM3\ARM_GCC_541\Debug\lv_refr.o
                0x00006684                _lv_inv_area
 .text._lv_refr_get_disp_refreshing
                0x00006770        0xc .\CortexM3\ARM_GCC_541\Debug\lv_refr.o
                0x00006770                _lv_refr_get_disp_refreshing
 .text.lv_refr_vdb_flush
                0x0000677c       0x80 .\CortexM3\ARM_GCC_541\Debug\lv_refr.o
 .text.lv_refr_area_part
                0x000067fc      0x130 .\CortexM3\ARM_GCC_541\Debug\lv_refr.o
 .text.lv_refr_area
                0x0000692c      0x184 .\CortexM3\ARM_GCC_541\Debug\lv_refr.o
 .text.lv_refr_areas
                0x00006ab0       0xb8 .\CortexM3\ARM_GCC_541\Debug\lv_refr.o
 .text._lv_disp_refr_task
                0x00006b68      0x16c .\CortexM3\ARM_GCC_541\Debug\lv_refr.o
                0x00006b68                _lv_disp_refr_task
 .text.lv_style_init
                0x00006cd4        0xc .\CortexM3\ARM_GCC_541\Debug\lv_style.o
                0x00006cd4                lv_style_init
 .text.lv_style_list_init
                0x00006ce0        0xc .\CortexM3\ARM_GCC_541\Debug\lv_style.o
                0x00006ce0                lv_style_list_init
 .text._lv_style_list_remove_style
                0x00006cec       0xb0 .\CortexM3\ARM_GCC_541\Debug\lv_style.o
                0x00006cec                _lv_style_list_remove_style
 .text._lv_style_list_add_style
                0x00006d9c       0x9c .\CortexM3\ARM_GCC_541\Debug\lv_style.o
                0x00006d9c                _lv_style_list_add_style
 .text.get_alloc_local_style
                0x00006e38       0x7c .\CortexM3\ARM_GCC_541\Debug\lv_style.o
 .text.lv_style_reset
                0x00006eb4       0x10 .\CortexM3\ARM_GCC_541\Debug\lv_style.o
                0x00006eb4                lv_style_reset
 .text._lv_style_get_mem_size
                0x00006ec4       0x50 .\CortexM3\ARM_GCC_541\Debug\lv_style.o
                0x00006ec4                _lv_style_get_mem_size
 .text.lv_style_copy
                0x00006f14       0x28 .\CortexM3\ARM_GCC_541\Debug\lv_style.o
                0x00006f14                lv_style_copy
 .text.lv_style_remove_prop
                0x00006f3c      0x120 .\CortexM3\ARM_GCC_541\Debug\lv_style.o
                0x00006f3c                lv_style_remove_prop
 .text._lv_style_set_int
                0x0000705c      0x174 .\CortexM3\ARM_GCC_541\Debug\lv_style.o
                0x0000705c                _lv_style_set_int
 .text._lv_style_set_color
                0x000071d0      0x174 .\CortexM3\ARM_GCC_541\Debug\lv_style.o
                0x000071d0                _lv_style_set_color
 .text._lv_style_set_opa
                0x00007344      0x178 .\CortexM3\ARM_GCC_541\Debug\lv_style.o
                0x00007344                _lv_style_set_opa
 .text._lv_style_set_ptr
                0x000074bc      0x174 .\CortexM3\ARM_GCC_541\Debug\lv_style.o
                0x000074bc                _lv_style_set_ptr
 .text._lv_style_get_int
                0x00007630       0xfc .\CortexM3\ARM_GCC_541\Debug\lv_style.o
                0x00007630                _lv_style_get_int
 .text._lv_style_get_opa
                0x0000772c       0xfc .\CortexM3\ARM_GCC_541\Debug\lv_style.o
                0x0000772c                _lv_style_get_opa
 .text._lv_style_get_color
                0x00007828       0xfc .\CortexM3\ARM_GCC_541\Debug\lv_style.o
                0x00007828                _lv_style_get_color
 .text._lv_style_get_ptr
                0x00007924       0xfc .\CortexM3\ARM_GCC_541\Debug\lv_style.o
                0x00007924                _lv_style_get_ptr
 .text.lv_style_list_get_local_style
                0x00007a20       0x20 .\CortexM3\ARM_GCC_541\Debug\lv_style.o
                0x00007a20                lv_style_list_get_local_style
 .text._lv_style_list_get_transition_style
                0x00007a40       0x14 .\CortexM3\ARM_GCC_541\Debug\lv_style.o
                0x00007a40                _lv_style_list_get_transition_style
 .text._lv_style_list_reset
                0x00007a54       0x68 .\CortexM3\ARM_GCC_541\Debug\lv_style.o
                0x00007a54                _lv_style_list_reset
 .text.lv_style_list_copy
                0x00007abc       0xfc .\CortexM3\ARM_GCC_541\Debug\lv_style.o
                0x00007abc                lv_style_list_copy
 .text._lv_style_list_add_trans_style
                0x00007bb8       0x68 .\CortexM3\ARM_GCC_541\Debug\lv_style.o
                0x00007bb8                _lv_style_list_add_trans_style
 .text._lv_style_list_set_local_ptr
                0x00007c20       0x14 .\CortexM3\ARM_GCC_541\Debug\lv_style.o
                0x00007c20                _lv_style_list_set_local_ptr
 .text._lv_style_list_get_int
                0x00007c34       0xc4 .\CortexM3\ARM_GCC_541\Debug\lv_style.o
                0x00007c34                _lv_style_list_get_int
 .text._lv_style_list_get_color
                0x00007cf8       0xc0 .\CortexM3\ARM_GCC_541\Debug\lv_style.o
                0x00007cf8                _lv_style_list_get_color
 .text._lv_style_list_get_opa
                0x00007db8       0xc4 .\CortexM3\ARM_GCC_541\Debug\lv_style.o
                0x00007db8                _lv_style_list_get_opa
 .text._lv_style_list_get_ptr
                0x00007e7c       0xb8 .\CortexM3\ARM_GCC_541\Debug\lv_style.o
                0x00007e7c                _lv_style_list_get_ptr
 .text.map_blended
                0x00007f34      0x148 .\CortexM3\ARM_GCC_541\Debug\lv_draw_blend.o
 .text.fill_set_px
                0x0000807c       0xdc .\CortexM3\ARM_GCC_541\Debug\lv_draw_blend.o
 .text.map_set_px
                0x00008158      0x124 .\CortexM3\ARM_GCC_541\Debug\lv_draw_blend.o
 .text.map_normal
                0x0000827c      0x720 .\CortexM3\ARM_GCC_541\Debug\lv_draw_blend.o
 .text.fill_normal
                0x0000899c      0x71c .\CortexM3\ARM_GCC_541\Debug\lv_draw_blend.o
 .text.color_blend_true_color_additive
                0x000090b8       0xe4 .\CortexM3\ARM_GCC_541\Debug\lv_draw_blend.o
 .text.color_blend_true_color_subtractive
                0x0000919c       0xe0 .\CortexM3\ARM_GCC_541\Debug\lv_draw_blend.o
 .text.fill_blended
                0x0000927c      0x18c .\CortexM3\ARM_GCC_541\Debug\lv_draw_blend.o
 .text._lv_blend_fill
                0x00009408      0x10c .\CortexM3\ARM_GCC_541\Debug\lv_draw_blend.o
                0x00009408                _lv_blend_fill
 .text._lv_blend_map
                0x00009514      0x110 .\CortexM3\ARM_GCC_541\Debug\lv_draw_blend.o
                0x00009514                _lv_blend_map
 .text.lv_draw_map
                0x00009624      0x7b0 .\CortexM3\ARM_GCC_541\Debug\lv_draw_img.o
 .text.show_error
                0x00009dd4       0x40 .\CortexM3\ARM_GCC_541\Debug\lv_draw_img.o
 .text.lv_draw_img_dsc_init
                0x00009e14       0x24 .\CortexM3\ARM_GCC_541\Debug\lv_draw_img.o
                0x00009e14                lv_draw_img_dsc_init
 .text.lv_img_cf_get_px_size
                0x00009e38       0x34 .\CortexM3\ARM_GCC_541\Debug\lv_draw_img.o
                0x00009e38                lv_img_cf_get_px_size
 .text.lv_img_cf_is_chroma_keyed
                0x00009e6c       0x14 .\CortexM3\ARM_GCC_541\Debug\lv_draw_img.o
                0x00009e6c                lv_img_cf_is_chroma_keyed
 .text.lv_img_cf_has_alpha
                0x00009e80       0x20 .\CortexM3\ARM_GCC_541\Debug\lv_draw_img.o
                0x00009e80                lv_img_cf_has_alpha
 .text.lv_img_draw_core
                0x00009ea0      0x1e4 .\CortexM3\ARM_GCC_541\Debug\lv_draw_img.o
 .text.lv_draw_img
                0x0000a084       0x34 .\CortexM3\ARM_GCC_541\Debug\lv_draw_img.o
                0x0000a084                lv_draw_img
 .text.lv_img_src_get_type
                0x0000a0b8       0x24 .\CortexM3\ARM_GCC_541\Debug\lv_draw_img.o
                0x0000a0b8                lv_img_src_get_type
 .text.hex_char_to_num
                0x0000a0dc       0x40 .\CortexM3\ARM_GCC_541\Debug\lv_draw_label.o
 .text.draw_letter_subpx
                0x0000a11c      0x41c .\CortexM3\ARM_GCC_541\Debug\lv_draw_label.o
 .text.draw_letter_normal
                0x0000a538      0x2bc .\CortexM3\ARM_GCC_541\Debug\lv_draw_label.o
 .text.lv_draw_letter
                0x0000a7f4       0xec .\CortexM3\ARM_GCC_541\Debug\lv_draw_label.o
 .text.lv_draw_label_dsc_init
                0x0000a8e0       0x44 .\CortexM3\ARM_GCC_541\Debug\lv_draw_label.o
                0x0000a8e0                lv_draw_label_dsc_init
 .text.lv_draw_label
                0x0000a924      0x5bc .\CortexM3\ARM_GCC_541\Debug\lv_draw_label.o
                0x0000a924                lv_draw_label
 .text.draw_line_hor
                0x0000aee0      0x1f0 .\CortexM3\ARM_GCC_541\Debug\lv_draw_line.o
 .text.draw_line_ver
                0x0000b0d0      0x1cc .\CortexM3\ARM_GCC_541\Debug\lv_draw_line.o
 .text.draw_line_skew
                0x0000b29c      0x3ac .\CortexM3\ARM_GCC_541\Debug\lv_draw_line.o
 .text.lv_draw_line_dsc_init
                0x0000b648       0x18 .\CortexM3\ARM_GCC_541\Debug\lv_draw_line.o
                0x0000b648                lv_draw_line_dsc_init
 .text.lv_draw_line
                0x0000b660      0x194 .\CortexM3\ARM_GCC_541\Debug\lv_draw_line.o
                0x0000b660                lv_draw_line
 .text.line_mask_flat
                0x0000b7f4      0x200 .\CortexM3\ARM_GCC_541\Debug\lv_draw_mask.o
 .text.line_mask_steep
                0x0000b9f4      0x32c .\CortexM3\ARM_GCC_541\Debug\lv_draw_mask.o
 .text.lv_draw_mask_line
                0x0000bd20       0xec .\CortexM3\ARM_GCC_541\Debug\lv_draw_mask.o
 .text.lv_draw_mask_radius
                0x0000be0c      0x56c .\CortexM3\ARM_GCC_541\Debug\lv_draw_mask.o
 .text.lv_draw_mask_add
                0x0000c378       0x34 .\CortexM3\ARM_GCC_541\Debug\lv_draw_mask.o
                0x0000c378                lv_draw_mask_add
 .text.lv_draw_mask_apply
                0x0000c3ac       0x50 .\CortexM3\ARM_GCC_541\Debug\lv_draw_mask.o
                0x0000c3ac                lv_draw_mask_apply
 .text.lv_draw_mask_remove_id
                0x0000c3fc       0x24 .\CortexM3\ARM_GCC_541\Debug\lv_draw_mask.o
                0x0000c3fc                lv_draw_mask_remove_id
 .text.lv_draw_mask_remove_custom
                0x0000c420       0x38 .\CortexM3\ARM_GCC_541\Debug\lv_draw_mask.o
                0x0000c420                lv_draw_mask_remove_custom
 .text.lv_draw_mask_get_cnt
                0x0000c458       0x20 .\CortexM3\ARM_GCC_541\Debug\lv_draw_mask.o
                0x0000c458                lv_draw_mask_get_cnt
 .text.lv_draw_mask_line_points_init
                0x0000c478      0x158 .\CortexM3\ARM_GCC_541\Debug\lv_draw_mask.o
                0x0000c478                lv_draw_mask_line_points_init
 .text.lv_draw_mask_radius_init
                0x0000c5d0       0x68 .\CortexM3\ARM_GCC_541\Debug\lv_draw_mask.o
                0x0000c5d0                lv_draw_mask_radius_init
 .text.shadow_blur_corner
                0x0000c638      0x164 .\CortexM3\ARM_GCC_541\Debug\lv_draw_rect.o
 .text.shadow_draw_corner_buf
                0x0000c79c      0x1d0 .\CortexM3\ARM_GCC_541\Debug\lv_draw_rect.o
 .text.draw_shadow
                0x0000c96c      0xc48 .\CortexM3\ARM_GCC_541\Debug\lv_draw_rect.o
 .text.draw_full_border
                0x0000d5b4      0x4c0 .\CortexM3\ARM_GCC_541\Debug\lv_draw_rect.o
 .text.draw_outline
                0x0000da74       0xb8 .\CortexM3\ARM_GCC_541\Debug\lv_draw_rect.o
 .text.draw_border
                0x0000db2c      0x34c .\CortexM3\ARM_GCC_541\Debug\lv_draw_rect.o
 .text.draw_pattern
                0x0000de78      0x27c .\CortexM3\ARM_GCC_541\Debug\lv_draw_rect.o
 .text.draw_value_str
                0x0000e0f4       0xe0 .\CortexM3\ARM_GCC_541\Debug\lv_draw_rect.o
 .text.draw_bg  0x0000e1d4      0x694 .\CortexM3\ARM_GCC_541\Debug\lv_draw_rect.o
 .text.lv_draw_rect_dsc_init
                0x0000e868       0x48 .\CortexM3\ARM_GCC_541\Debug\lv_draw_rect.o
                0x0000e868                lv_draw_rect_dsc_init
 .text.lv_draw_rect
                0x0000e8b0       0x64 .\CortexM3\ARM_GCC_541\Debug\lv_draw_rect.o
                0x0000e8b0                lv_draw_rect
 .text.lv_img_buf_get_px_color
                0x0000e914      0x120 .\CortexM3\ARM_GCC_541\Debug\lv_img_buf.o
                0x0000e914                lv_img_buf_get_px_color
 .text.lv_img_buf_get_px_alpha
                0x0000ea34      0x100 .\CortexM3\ARM_GCC_541\Debug\lv_img_buf.o
                0x0000ea34                lv_img_buf_get_px_alpha
 .text._lv_img_buf_transform_init
                0x0000eb34      0x124 .\CortexM3\ARM_GCC_541\Debug\lv_img_buf.o
                0x0000eb34                _lv_img_buf_transform_init
 .text._lv_img_buf_get_transformed_area
                0x0000ec58      0x1f0 .\CortexM3\ARM_GCC_541\Debug\lv_img_buf.o
                0x0000ec58                _lv_img_buf_get_transformed_area
 .text._lv_img_buf_transform_anti_alias
                0x0000ee48      0x464 .\CortexM3\ARM_GCC_541\Debug\lv_img_buf.o
                0x0000ee48                _lv_img_buf_transform_anti_alias
 .text._lv_img_cache_open
                0x0000f2ac      0x148 .\CortexM3\ARM_GCC_541\Debug\lv_img_cache.o
                0x0000f2ac                _lv_img_cache_open
 .text.lv_img_cache_invalidate_src
                0x0000f3f4       0x4c .\CortexM3\ARM_GCC_541\Debug\lv_img_cache.o
                0x0000f3f4                lv_img_cache_invalidate_src
 .text.lv_img_cache_set_size
                0x0000f440       0x88 .\CortexM3\ARM_GCC_541\Debug\lv_img_cache.o
                0x0000f440                lv_img_cache_set_size
 .text.lv_img_decoder_built_in_line_true_color
                0x0000f4c8        0x4 .\CortexM3\ARM_GCC_541\Debug\lv_img_decoder.o
 .text.lv_img_decoder_built_in_info
                0x0000f4cc       0x70 .\CortexM3\ARM_GCC_541\Debug\lv_img_decoder.o
                0x0000f4cc                lv_img_decoder_built_in_info
 .text.lv_img_decoder_built_in_close
                0x0000f53c       0x24 .\CortexM3\ARM_GCC_541\Debug\lv_img_decoder.o
                0x0000f53c                lv_img_decoder_built_in_close
 .text.lv_img_decoder_built_in_open
                0x0000f560      0x154 .\CortexM3\ARM_GCC_541\Debug\lv_img_decoder.o
                0x0000f560                lv_img_decoder_built_in_open
 .text.lv_img_decoder_built_in_line_alpha
                0x0000f6b4      0x180 .\CortexM3\ARM_GCC_541\Debug\lv_img_decoder.o
 .text.lv_img_decoder_built_in_line_indexed
                0x0000f834      0x134 .\CortexM3\ARM_GCC_541\Debug\lv_img_decoder.o
 .text.lv_img_decoder_built_in_read_line
                0x0000f968       0x5c .\CortexM3\ARM_GCC_541\Debug\lv_img_decoder.o
                0x0000f968                lv_img_decoder_built_in_read_line
 .text.lv_img_decoder_get_info
                0x0000f9c4       0x5c .\CortexM3\ARM_GCC_541\Debug\lv_img_decoder.o
                0x0000f9c4                lv_img_decoder_get_info
 .text.lv_img_decoder_open
                0x0000fa20       0x80 .\CortexM3\ARM_GCC_541\Debug\lv_img_decoder.o
                0x0000fa20                lv_img_decoder_open
 .text.lv_img_decoder_read_line
                0x0000faa0       0x24 .\CortexM3\ARM_GCC_541\Debug\lv_img_decoder.o
                0x0000faa0                lv_img_decoder_read_line
 .text.lv_img_decoder_close
                0x0000fac4       0x28 .\CortexM3\ARM_GCC_541\Debug\lv_img_decoder.o
                0x0000fac4                lv_img_decoder_close
 .text.lv_img_decoder_create
                0x0000faec       0x38 .\CortexM3\ARM_GCC_541\Debug\lv_img_decoder.o
                0x0000faec                lv_img_decoder_create
 .text.lv_img_decoder_set_info_cb
                0x0000fb24        0x4 .\CortexM3\ARM_GCC_541\Debug\lv_img_decoder.o
                0x0000fb24                lv_img_decoder_set_info_cb
 .text.lv_img_decoder_set_open_cb
                0x0000fb28        0x4 .\CortexM3\ARM_GCC_541\Debug\lv_img_decoder.o
                0x0000fb28                lv_img_decoder_set_open_cb
 .text.lv_img_decoder_set_read_line_cb
                0x0000fb2c        0x4 .\CortexM3\ARM_GCC_541\Debug\lv_img_decoder.o
                0x0000fb2c                lv_img_decoder_set_read_line_cb
 .text.lv_img_decoder_set_close_cb
                0x0000fb30        0x4 .\CortexM3\ARM_GCC_541\Debug\lv_img_decoder.o
                0x0000fb30                lv_img_decoder_set_close_cb
 .text._lv_img_decoder_init
                0x0000fb34       0x5c .\CortexM3\ARM_GCC_541\Debug\lv_img_decoder.o
                0x0000fb34                _lv_img_decoder_init
 .text.lv_font_get_glyph_bitmap
                0x0000fb90        0x8 .\CortexM3\ARM_GCC_541\Debug\lv_font.o
                0x0000fb90                lv_font_get_glyph_bitmap
 .text.lv_font_get_glyph_dsc
                0x0000fb98        0x8 .\CortexM3\ARM_GCC_541\Debug\lv_font.o
                0x0000fb98                lv_font_get_glyph_dsc
 .text.lv_font_get_glyph_width
                0x0000fba0       0x20 .\CortexM3\ARM_GCC_541\Debug\lv_font.o
                0x0000fba0                lv_font_get_glyph_width
 .text.kern_pair_8_compare
                0x0000fbc0       0x14 .\CortexM3\ARM_GCC_541\Debug\lv_font_fmt_txt.o
 .text.kern_pair_16_compare
                0x0000fbd4       0x14 .\CortexM3\ARM_GCC_541\Debug\lv_font_fmt_txt.o
 .text.unicode_list_compare
                0x0000fbe8        0x8 .\CortexM3\ARM_GCC_541\Debug\lv_font_fmt_txt.o
 .text.get_glyph_dsc_id
                0x0000fbf0       0xd4 .\CortexM3\ARM_GCC_541\Debug\lv_font_fmt_txt.o
 .text.get_kern_value
                0x0000fcc4       0xb0 .\CortexM3\ARM_GCC_541\Debug\lv_font_fmt_txt.o
 .text.decompress
                0x0000fd74      0xc68 .\CortexM3\ARM_GCC_541\Debug\lv_font_fmt_txt.o
 .text.lv_font_get_bitmap_fmt_txt
                0x000109dc       0xf8 .\CortexM3\ARM_GCC_541\Debug\lv_font_fmt_txt.o
                0x000109dc                lv_font_get_bitmap_fmt_txt
 .text.lv_font_get_glyph_dsc_fmt_txt
                0x00010ad4       0x9c .\CortexM3\ARM_GCC_541\Debug\lv_font_fmt_txt.o
                0x00010ad4                lv_font_get_glyph_dsc_fmt_txt
 .text._lv_font_clean_up_fmt_txt
                0x00010b70       0x18 .\CortexM3\ARM_GCC_541\Debug\lv_font_fmt_txt.o
                0x00010b70                _lv_font_clean_up_fmt_txt
 .text.lv_disp_drv_init
                0x00010b88       0x50 .\CortexM3\ARM_GCC_541\Debug\lv_hal_disp.o
                0x00010b88                lv_disp_drv_init
 .text.lv_disp_buf_init
                0x00010bd8       0x1c .\CortexM3\ARM_GCC_541\Debug\lv_hal_disp.o
                0x00010bd8                lv_disp_buf_init
 .text.lv_disp_get_default
                0x00010bf4        0xc .\CortexM3\ARM_GCC_541\Debug\lv_hal_disp.o
                0x00010bf4                lv_disp_get_default
 .text.lv_disp_get_hor_res
                0x00010c00       0x28 .\CortexM3\ARM_GCC_541\Debug\lv_hal_disp.o
                0x00010c00                lv_disp_get_hor_res
 .text.lv_disp_get_ver_res
                0x00010c28       0x28 .\CortexM3\ARM_GCC_541\Debug\lv_hal_disp.o
                0x00010c28                lv_disp_get_ver_res
 .text.lv_disp_get_dpi
                0x00010c50       0x1c .\CortexM3\ARM_GCC_541\Debug\lv_hal_disp.o
                0x00010c50                lv_disp_get_dpi
 .text.lv_disp_get_size_category
                0x00010c6c       0x48 .\CortexM3\ARM_GCC_541\Debug\lv_hal_disp.o
                0x00010c6c                lv_disp_get_size_category
 .text.lv_disp_flush_ready
                0x00010cb4        0xc .\CortexM3\ARM_GCC_541\Debug\lv_hal_disp.o
                0x00010cb4                lv_disp_flush_ready
 .text.lv_disp_get_next
                0x00010cc0       0x1c .\CortexM3\ARM_GCC_541\Debug\lv_hal_disp.o
                0x00010cc0                lv_disp_get_next
 .text.lv_disp_get_buf
                0x00010cdc        0x4 .\CortexM3\ARM_GCC_541\Debug\lv_hal_disp.o
                0x00010cdc                lv_disp_get_buf
 .text.lv_disp_get_inv_buf_size
                0x00010ce0        0xc .\CortexM3\ARM_GCC_541\Debug\lv_hal_disp.o
                0x00010ce0                lv_disp_get_inv_buf_size
 .text._lv_disp_pop_from_inv_buf
                0x00010cec       0x2c .\CortexM3\ARM_GCC_541\Debug\lv_hal_disp.o
                0x00010cec                _lv_disp_pop_from_inv_buf
 .text.lv_disp_is_double_buf
                0x00010d18       0x18 .\CortexM3\ARM_GCC_541\Debug\lv_hal_disp.o
                0x00010d18                lv_disp_is_double_buf
 .text.lv_disp_is_true_double_buf
                0x00010d30       0x2c .\CortexM3\ARM_GCC_541\Debug\lv_hal_disp.o
                0x00010d30                lv_disp_is_true_double_buf
 .text.lv_disp_drv_register
                0x00010d5c      0x10c .\CortexM3\ARM_GCC_541\Debug\lv_hal_disp.o
                0x00010d5c                lv_disp_drv_register
 .text.lv_indev_drv_init
                0x00010e68       0x28 .\CortexM3\ARM_GCC_541\Debug\lv_hal_indev.o
                0x00010e68                lv_indev_drv_init
 .text.lv_indev_drv_register
                0x00010e90       0x78 .\CortexM3\ARM_GCC_541\Debug\lv_hal_indev.o
                0x00010e90                lv_indev_drv_register
 .text.lv_indev_get_next
                0x00010f08       0x1c .\CortexM3\ARM_GCC_541\Debug\lv_hal_indev.o
                0x00010f08                lv_indev_get_next
 .text._lv_indev_read
                0x00010f24       0x48 .\CortexM3\ARM_GCC_541\Debug\lv_hal_indev.o
                0x00010f24                _lv_indev_read
 .text.lv_tick_inc
                0x00010f6c       0x14 .\CortexM3\ARM_GCC_541\Debug\lv_hal_tick.o
                0x00010f6c                lv_tick_inc
 .text.lv_tick_get
                0x00010f80       0x18 .\CortexM3\ARM_GCC_541\Debug\lv_hal_tick.o
                0x00010f80                lv_tick_get
 .text.lv_tick_elaps
                0x00010f98       0x14 .\CortexM3\ARM_GCC_541\Debug\lv_hal_tick.o
                0x00010f98                lv_tick_elaps
 .text.lv_anim_path_linear
                0x00010fac       0x28 .\CortexM3\ARM_GCC_541\Debug\lv_anim.o
                0x00010fac                lv_anim_path_linear
 .text.anim_mark_list_change
                0x00010fd4       0x30 .\CortexM3\ARM_GCC_541\Debug\lv_anim.o
 .text.anim_ready_handler
                0x00011004       0x94 .\CortexM3\ARM_GCC_541\Debug\lv_anim.o
 .text.anim_task
                0x00011098       0xdc .\CortexM3\ARM_GCC_541\Debug\lv_anim.o
 .text._lv_anim_core_init
                0x00011174       0x38 .\CortexM3\ARM_GCC_541\Debug\lv_anim.o
                0x00011174                _lv_anim_core_init
 .text.lv_anim_init
                0x000111ac       0x48 .\CortexM3\ARM_GCC_541\Debug\lv_anim.o
                0x000111ac                lv_anim_init
 .text.lv_anim_del
                0x000111f4       0x54 .\CortexM3\ARM_GCC_541\Debug\lv_anim.o
                0x000111f4                lv_anim_del
 .text.lv_anim_start
                0x00011248       0x74 .\CortexM3\ARM_GCC_541\Debug\lv_anim.o
                0x00011248                lv_anim_start
 .text.lv_anim_get
                0x000112bc       0x2c .\CortexM3\ARM_GCC_541\Debug\lv_anim.o
                0x000112bc                lv_anim_get
 .text.lv_anim_speed_to_time
                0x000112e8       0x28 .\CortexM3\ARM_GCC_541\Debug\lv_anim.o
                0x000112e8                lv_anim_speed_to_time
 .text.lv_anim_path_step
                0x00011310       0x14 .\CortexM3\ARM_GCC_541\Debug\lv_anim.o
                0x00011310                lv_anim_path_step
 .text.lv_point_within_circle
                0x00011324       0x4c .\CortexM3\ARM_GCC_541\Debug\lv_area.o
 .text.lv_area_set
                0x00011370       0x10 .\CortexM3\ARM_GCC_541\Debug\lv_area.o
                0x00011370                lv_area_set
 .text.lv_area_set_width
                0x00011380        0xc .\CortexM3\ARM_GCC_541\Debug\lv_area.o
                0x00011380                lv_area_set_width
 .text.lv_area_set_height
                0x0001138c        0xc .\CortexM3\ARM_GCC_541\Debug\lv_area.o
                0x0001138c                lv_area_set_height
 .text._lv_area_set_pos
                0x00011398       0x34 .\CortexM3\ARM_GCC_541\Debug\lv_area.o
                0x00011398                _lv_area_set_pos
 .text.lv_area_get_size
                0x000113cc       0x1c .\CortexM3\ARM_GCC_541\Debug\lv_area.o
                0x000113cc                lv_area_get_size
 .text._lv_area_intersect
                0x000113e8       0x58 .\CortexM3\ARM_GCC_541\Debug\lv_area.o
                0x000113e8                _lv_area_intersect
 .text._lv_area_join
                0x00011440       0x48 .\CortexM3\ARM_GCC_541\Debug\lv_area.o
                0x00011440                _lv_area_join
 .text._lv_area_is_point_on
                0x00011488      0x17c .\CortexM3\ARM_GCC_541\Debug\lv_area.o
                0x00011488                _lv_area_is_point_on
 .text._lv_area_is_on
                0x00011604       0x44 .\CortexM3\ARM_GCC_541\Debug\lv_area.o
                0x00011604                _lv_area_is_on
 .text._lv_area_is_in
                0x00011648       0xb8 .\CortexM3\ARM_GCC_541\Debug\lv_area.o
                0x00011648                _lv_area_is_in
 .text._lv_area_align
                0x00011700      0x454 .\CortexM3\ARM_GCC_541\Debug\lv_area.o
                0x00011700                _lv_area_align
 .text.lv_color_fill
                0x00011b54       0x3c .\CortexM3\ARM_GCC_541\Debug\lv_color.o
                0x00011b54                lv_color_fill
 .text.lv_color_lighten
                0x00011b90       0x90 .\CortexM3\ARM_GCC_541\Debug\lv_color.o
                0x00011b90                lv_color_lighten
 .text.lv_color_darken
                0x00011c20       0x68 .\CortexM3\ARM_GCC_541\Debug\lv_color.o
                0x00011c20                lv_color_darken
 .text.lv_debug_check_null
                0x00011c88        0xc .\CortexM3\ARM_GCC_541\Debug\lv_debug.o
                0x00011c88                lv_debug_check_null
 .text.lv_debug_log_error
                0x00011c94       0x64 .\CortexM3\ARM_GCC_541\Debug\lv_debug.o
                0x00011c94                lv_debug_log_error
 .text.node_set_prev
                0x00011cf8        0xc .\CortexM3\ARM_GCC_541\Debug\lv_ll.o
 .text.node_set_next
                0x00011d04       0x10 .\CortexM3\ARM_GCC_541\Debug\lv_ll.o
 .text._lv_ll_init
                0x00011d14       0x10 .\CortexM3\ARM_GCC_541\Debug\lv_ll.o
                0x00011d14                _lv_ll_init
 .text._lv_ll_ins_head
                0x00011d24       0x3c .\CortexM3\ARM_GCC_541\Debug\lv_ll.o
                0x00011d24                _lv_ll_ins_head
 .text._lv_ll_ins_tail
                0x00011d60       0x3c .\CortexM3\ARM_GCC_541\Debug\lv_ll.o
                0x00011d60                _lv_ll_ins_tail
 .text._lv_ll_get_head
                0x00011d9c        0xc .\CortexM3\ARM_GCC_541\Debug\lv_ll.o
                0x00011d9c                _lv_ll_get_head
 .text._lv_ll_get_tail
                0x00011da8        0xc .\CortexM3\ARM_GCC_541\Debug\lv_ll.o
                0x00011da8                _lv_ll_get_tail
 .text._lv_ll_get_next
                0x00011db4       0x10 .\CortexM3\ARM_GCC_541\Debug\lv_ll.o
                0x00011db4                _lv_ll_get_next
 .text._lv_ll_get_prev
                0x00011dc4        0xc .\CortexM3\ARM_GCC_541\Debug\lv_ll.o
                0x00011dc4                _lv_ll_get_prev
 .text._lv_ll_ins_prev
                0x00011dd0       0x6c .\CortexM3\ARM_GCC_541\Debug\lv_ll.o
                0x00011dd0                _lv_ll_ins_prev
 .text._lv_ll_remove
                0x00011e3c       0x80 .\CortexM3\ARM_GCC_541\Debug\lv_ll.o
                0x00011e3c                _lv_ll_remove
 .text._lv_ll_chg_list
                0x00011ebc       0x64 .\CortexM3\ARM_GCC_541\Debug\lv_ll.o
                0x00011ebc                _lv_ll_chg_list
 .text._lv_ll_move_before
                0x00011f20       0x60 .\CortexM3\ARM_GCC_541\Debug\lv_ll.o
                0x00011f20                _lv_ll_move_before
 .text._lv_ll_is_empty
                0x00011f80       0x1c .\CortexM3\ARM_GCC_541\Debug\lv_ll.o
                0x00011f80                _lv_ll_is_empty
 .text._lv_trigo_sin
                0x00011f9c       0x78 .\CortexM3\ARM_GCC_541\Debug\lv_math.o
                0x00011f9c                _lv_trigo_sin
 .text._lv_sqrt
                0x00012014       0x24 .\CortexM3\ARM_GCC_541\Debug\lv_math.o
                0x00012014                _lv_sqrt
 .text._lv_pow  0x00012038       0x38 .\CortexM3\ARM_GCC_541\Debug\lv_math.o
                0x00012038                _lv_pow
 .text.ent_get_next
                0x00012070       0x28 .\CortexM3\ARM_GCC_541\Debug\lv_mem.o
 .text.ent_trunc
                0x00012098       0x4c .\CortexM3\ARM_GCC_541\Debug\lv_mem.o
 .text.ent_alloc
                0x000120e4       0x30 .\CortexM3\ARM_GCC_541\Debug\lv_mem.o
 .text._lv_mem_init
                0x00012114       0x2c .\CortexM3\ARM_GCC_541\Debug\lv_mem.o
                0x00012114                _lv_mem_init
 .text.lv_mem_alloc
                0x00012140       0x68 .\CortexM3\ARM_GCC_541\Debug\lv_mem.o
                0x00012140                lv_mem_alloc
 .text.lv_mem_defrag
                0x000121a8       0x54 .\CortexM3\ARM_GCC_541\Debug\lv_mem.o
                0x000121a8                lv_mem_defrag
 .text.lv_mem_free
                0x000121fc       0x74 .\CortexM3\ARM_GCC_541\Debug\lv_mem.o
                0x000121fc                lv_mem_free
 .text._lv_mem_get_size
                0x00012270       0x20 .\CortexM3\ARM_GCC_541\Debug\lv_mem.o
                0x00012270                _lv_mem_get_size
 .text._lv_mem_buf_release
                0x00012290       0x5c .\CortexM3\ARM_GCC_541\Debug\lv_mem.o
                0x00012290                _lv_mem_buf_release
 .text._lv_mem_buf_free_all
                0x000122ec       0x54 .\CortexM3\ARM_GCC_541\Debug\lv_mem.o
                0x000122ec                _lv_mem_buf_free_all
 .text._lv_memcpy
                0x00012340      0x124 .\CortexM3\ARM_GCC_541\Debug\lv_mem.o
                0x00012340                _lv_memcpy
 .text.lv_mem_realloc
                0x00012464       0x64 .\CortexM3\ARM_GCC_541\Debug\lv_mem.o
                0x00012464                lv_mem_realloc
 .text._lv_mem_buf_get
                0x000124c8      0x11c .\CortexM3\ARM_GCC_541\Debug\lv_mem.o
                0x000124c8                _lv_mem_buf_get
 .text._lv_memset
                0x000125e4       0x5c .\CortexM3\ARM_GCC_541\Debug\lv_mem.o
                0x000125e4                _lv_memset
 .text._lv_memset_00
                0x00012640       0x58 .\CortexM3\ARM_GCC_541\Debug\lv_mem.o
                0x00012640                _lv_memset_00
 .text._lv_memset_ff
                0x00012698       0x5c .\CortexM3\ARM_GCC_541\Debug\lv_mem.o
                0x00012698                _lv_memset_ff
 .text.lv_task_time_remaining
                0x000126f4       0x18 .\CortexM3\ARM_GCC_541\Debug\lv_task.o
 .text.lv_task_create_basic
                0x0001270c       0xc8 .\CortexM3\ARM_GCC_541\Debug\lv_task.o
                0x0001270c                lv_task_create_basic
 .text.lv_task_set_cb
                0x000127d4        0x4 .\CortexM3\ARM_GCC_541\Debug\lv_task.o
                0x000127d4                lv_task_set_cb
 .text.lv_task_del
                0x000127d8       0x34 .\CortexM3\ARM_GCC_541\Debug\lv_task.o
                0x000127d8                lv_task_del
 .text.lv_task_exec
                0x0001280c       0x50 .\CortexM3\ARM_GCC_541\Debug\lv_task.o
 .text.lv_task_handler
                0x0001285c      0x18c .\CortexM3\ARM_GCC_541\Debug\lv_task.o
                0x0001285c                lv_task_handler
 .text.lv_task_set_prio
                0x000129e8       0x68 .\CortexM3\ARM_GCC_541\Debug\lv_task.o
                0x000129e8                lv_task_set_prio
 .text.lv_task_set_period
                0x00012a50        0x4 .\CortexM3\ARM_GCC_541\Debug\lv_task.o
                0x00012a50                lv_task_set_period
 .text.lv_task_create
                0x00012a54       0x50 .\CortexM3\ARM_GCC_541\Debug\lv_task.o
                0x00012a54                lv_task_create
 .text.lv_task_ready
                0x00012aa4       0x14 .\CortexM3\ARM_GCC_541\Debug\lv_task.o
                0x00012aa4                lv_task_ready
 .text.lv_task_enable
                0x00012ab8        0xc .\CortexM3\ARM_GCC_541\Debug\lv_task.o
                0x00012ab8                lv_task_enable
 .text._lv_task_core_init
                0x00012ac4       0x20 .\CortexM3\ARM_GCC_541\Debug\lv_task.o
                0x00012ac4                _lv_task_core_init
 .text.lv_txt_utf8_size
                0x00012ae4       0x34 .\CortexM3\ARM_GCC_541\Debug\lv_txt.o
 .text.lv_txt_unicode_to_utf8
                0x00012b18       0xa0 .\CortexM3\ARM_GCC_541\Debug\lv_txt.o
 .text.lv_txt_utf8_conv_wc
                0x00012bb8       0x5c .\CortexM3\ARM_GCC_541\Debug\lv_txt.o
 .text.lv_txt_utf8_next
                0x00012c14       0xfc .\CortexM3\ARM_GCC_541\Debug\lv_txt.o
 .text.lv_txt_utf8_prev
                0x00012d10       0x50 .\CortexM3\ARM_GCC_541\Debug\lv_txt.o
 .text.lv_txt_utf8_get_byte_id
                0x00012d60       0x2c .\CortexM3\ARM_GCC_541\Debug\lv_txt.o
 .text.lv_txt_utf8_get_char_id
                0x00012d8c       0x2c .\CortexM3\ARM_GCC_541\Debug\lv_txt.o
 .text.lv_txt_utf8_get_length
                0x00012db8       0x2c .\CortexM3\ARM_GCC_541\Debug\lv_txt.o
 .text._lv_txt_is_cmd
                0x00012de4       0x48 .\CortexM3\ARM_GCC_541\Debug\lv_txt.o
                0x00012de4                _lv_txt_is_cmd
 .text.lv_txt_get_next_word
                0x00012e2c      0x154 .\CortexM3\ARM_GCC_541\Debug\lv_txt.o
 .text._lv_txt_get_next_line
                0x00012f80       0xdc .\CortexM3\ARM_GCC_541\Debug\lv_txt.o
                0x00012f80                _lv_txt_get_next_line
 .text._lv_txt_get_width
                0x0001305c       0x9c .\CortexM3\ARM_GCC_541\Debug\lv_txt.o
                0x0001305c                _lv_txt_get_width
 .text._lv_txt_get_size
                0x000130f8       0xc8 .\CortexM3\ARM_GCC_541\Debug\lv_txt.o
                0x000130f8                _lv_txt_get_size
 .text._lv_txt_ins
                0x000131c0       0x50 .\CortexM3\ARM_GCC_541\Debug\lv_txt.o
                0x000131c0                _lv_txt_ins
 .text._lv_txt_cut
                0x00013210       0x3c .\CortexM3\ARM_GCC_541\Debug\lv_txt.o
                0x00013210                _lv_txt_cut
 .text._lv_utils_num_to_str
                0x0001324c       0x7c .\CortexM3\ARM_GCC_541\Debug\lv_utils.o
                0x0001324c                _lv_utils_num_to_str
 .text._lv_utils_bsearch
                0x000132c8       0x4c .\CortexM3\ARM_GCC_541\Debug\lv_utils.o
                0x000132c8                _lv_utils_bsearch
 .text.apply_theme
                0x00013314       0x30 .\CortexM3\ARM_GCC_541\Debug\lv_theme.o
 .text.clear_styles
                0x00013344      0x12c .\CortexM3\ARM_GCC_541\Debug\lv_theme.o
 .text.lv_theme_set_act
                0x00013470        0xc .\CortexM3\ARM_GCC_541\Debug\lv_theme.o
                0x00013470                lv_theme_set_act
 .text.lv_theme_apply
                0x0001347c       0x1c .\CortexM3\ARM_GCC_541\Debug\lv_theme.o
                0x0001347c                lv_theme_apply
 .text.lv_theme_get_font_normal
                0x00013498        0xc .\CortexM3\ARM_GCC_541\Debug\lv_theme.o
                0x00013498                lv_theme_get_font_normal
 .text.theme_apply
                0x000134a4      0x2b8 .\CortexM3\ARM_GCC_541\Debug\lv_theme_material.o
 .text.style_init_reset
                0x0001375c       0x18 .\CortexM3\ARM_GCC_541\Debug\lv_theme_material.o
 .text.checkbox_init
                0x00013774      0x2f8 .\CortexM3\ARM_GCC_541\Debug\lv_theme_material.o
 .text.page_init
                0x00013a6c      0x174 .\CortexM3\ARM_GCC_541\Debug\lv_theme_material.o
 .text.textarea_init
                0x00013be0      0x150 .\CortexM3\ARM_GCC_541\Debug\lv_theme_material.o
 .text.spinbox_init
                0x00013d30       0xc4 .\CortexM3\ARM_GCC_541\Debug\lv_theme_material.o
 .text.ddlist_init
                0x00013df4      0x128 .\CortexM3\ARM_GCC_541\Debug\lv_theme_material.o
 .text.tabview_win_shared_init
                0x00013f1c      0x640 .\CortexM3\ARM_GCC_541\Debug\lv_theme_material.o
 .text.led_init
                0x0001455c       0xf0 .\CortexM3\ARM_GCC_541\Debug\lv_theme_material.o
 .text.basic_init
                0x0001464c     0x1578 .\CortexM3\ARM_GCC_541\Debug\lv_theme_material.o
 .text.lv_theme_material_init
                0x00015bc4       0x7c .\CortexM3\ARM_GCC_541\Debug\lv_theme_material.o
                0x00015bc4                lv_theme_material_init
 .text.lv_btn_design
                0x00015c40       0x30 .\CortexM3\ARM_GCC_541\Debug\lv_btn.o
 .text.lv_btn_create
                0x00015c70       0xe0 .\CortexM3\ARM_GCC_541\Debug\lv_btn.o
                0x00015c70                lv_btn_create
 .text.lv_btn_set_checkable
                0x00015d50       0x2c .\CortexM3\ARM_GCC_541\Debug\lv_btn.o
                0x00015d50                lv_btn_set_checkable
 .text.lv_btn_set_state
                0x00015d7c       0x90 .\CortexM3\ARM_GCC_541\Debug\lv_btn.o
                0x00015d7c                lv_btn_set_state
 .text.lv_btn_get_state
                0x00015e0c       0x58 .\CortexM3\ARM_GCC_541\Debug\lv_btn.o
                0x00015e0c                lv_btn_get_state
 .text.lv_btn_get_checkable
                0x00015e64       0x28 .\CortexM3\ARM_GCC_541\Debug\lv_btn.o
                0x00015e64                lv_btn_get_checkable
 .text.lv_btn_signal
                0x00015e8c       0xf8 .\CortexM3\ARM_GCC_541\Debug\lv_btn.o
 .text.lv_checkbox_get_style
                0x00015f84       0x28 .\CortexM3\ARM_GCC_541\Debug\lv_checkbox.o
 .text.lv_checkbox_signal
                0x00015fac      0x138 .\CortexM3\ARM_GCC_541\Debug\lv_checkbox.o
 .text.lv_checkbox_set_text
                0x000160e4       0x2c .\CortexM3\ARM_GCC_541\Debug\lv_checkbox.o
                0x000160e4                lv_checkbox_set_text
 .text.lv_checkbox_create
                0x00016110       0xf8 .\CortexM3\ARM_GCC_541\Debug\lv_checkbox.o
                0x00016110                lv_checkbox_create
 .text.lv_checkbox_set_checked
                0x00016208       0x60 .\CortexM3\ARM_GCC_541\Debug\lv_checkbox.o
                0x00016208                lv_checkbox_set_checked
 .text.lv_cont_get_style
                0x00016268        0xc .\CortexM3\ARM_GCC_541\Debug\lv_cont.o
 .text.lv_cont_layout_center
                0x00016274       0xd4 .\CortexM3\ARM_GCC_541\Debug\lv_cont.o
 .text.lv_cont_layout_grid
                0x00016348       0xbc .\CortexM3\ARM_GCC_541\Debug\lv_cont.o
 .text.lv_cont_refr_autofit
                0x00016404      0x3c0 .\CortexM3\ARM_GCC_541\Debug\lv_cont.o
 .text.lv_cont_create
                0x000167c4      0x104 .\CortexM3\ARM_GCC_541\Debug\lv_cont.o
                0x000167c4                lv_cont_create
 .text.lv_cont_set_layout
                0x000168c8       0x40 .\CortexM3\ARM_GCC_541\Debug\lv_cont.o
                0x000168c8                lv_cont_set_layout
 .text.lv_cont_set_fit4
                0x00016908       0x80 .\CortexM3\ARM_GCC_541\Debug\lv_cont.o
                0x00016908                lv_cont_set_fit4
 .text.lv_cont_get_layout
                0x00016988       0x28 .\CortexM3\ARM_GCC_541\Debug\lv_cont.o
                0x00016988                lv_cont_get_layout
 .text.lv_cont_layout_col
                0x000169b0      0x100 .\CortexM3\ARM_GCC_541\Debug\lv_cont.o
 .text.lv_cont_layout_row
                0x00016ab0      0x130 .\CortexM3\ARM_GCC_541\Debug\lv_cont.o
 .text.lv_cont_layout_pretty
                0x00016be0      0x308 .\CortexM3\ARM_GCC_541\Debug\lv_cont.o
 .text.lv_cont_refr_layout
                0x00016ee8       0x6c .\CortexM3\ARM_GCC_541\Debug\lv_cont.o
 .text.lv_cont_signal
                0x00016f54       0xd0 .\CortexM3\ARM_GCC_541\Debug\lv_cont.o
 .text.lv_cont_get_fit_left
                0x00017024       0x28 .\CortexM3\ARM_GCC_541\Debug\lv_cont.o
                0x00017024                lv_cont_get_fit_left
 .text.lv_cont_get_fit_right
                0x0001704c       0x28 .\CortexM3\ARM_GCC_541\Debug\lv_cont.o
                0x0001704c                lv_cont_get_fit_right
 .text.lv_cont_get_fit_top
                0x00017074       0x28 .\CortexM3\ARM_GCC_541\Debug\lv_cont.o
                0x00017074                lv_cont_get_fit_top
 .text.lv_dropdown_get_style
                0x0001709c       0x4c .\CortexM3\ARM_GCC_541\Debug\lv_dropdown.o
 .text.get_label
                0x000170e8       0x18 .\CortexM3\ARM_GCC_541\Debug\lv_dropdown.o
 .text.position_to_selected
                0x00017100       0x74 .\CortexM3\ARM_GCC_541\Debug\lv_dropdown.o
 .text.get_id_on_point
                0x00017174       0x48 .\CortexM3\ARM_GCC_541\Debug\lv_dropdown.o
 .text.page_press_handler
                0x000171bc       0x4c .\CortexM3\ARM_GCC_541\Debug\lv_dropdown.o
 .text.draw_box
                0x00017208       0xb8 .\CortexM3\ARM_GCC_541\Debug\lv_dropdown.o
 .text.draw_box_label
                0x000172c0       0xf0 .\CortexM3\ARM_GCC_541\Debug\lv_dropdown.o
 .text.lv_dropdown_page_design
                0x000173b0       0xc4 .\CortexM3\ARM_GCC_541\Debug\lv_dropdown.o
 .text.lv_dropdown_set_options
                0x00017474       0xb0 .\CortexM3\ARM_GCC_541\Debug\lv_dropdown.o
                0x00017474                lv_dropdown_set_options
 .text.lv_dropdown_set_options_static
                0x00017524       0x84 .\CortexM3\ARM_GCC_541\Debug\lv_dropdown.o
                0x00017524                lv_dropdown_set_options_static
 .text.lv_dropdown_get_options
                0x000175a8       0x24 .\CortexM3\ARM_GCC_541\Debug\lv_dropdown.o
                0x000175a8                lv_dropdown_get_options
 .text.lv_dropdown_create
                0x000175cc      0x1e8 .\CortexM3\ARM_GCC_541\Debug\lv_dropdown.o
                0x000175cc                lv_dropdown_create
 .text.lv_dropdown_get_selected
                0x000177b4       0x24 .\CortexM3\ARM_GCC_541\Debug\lv_dropdown.o
                0x000177b4                lv_dropdown_get_selected
 .text.lv_dropdown_get_selected_str
                0x000177d8       0x70 .\CortexM3\ARM_GCC_541\Debug\lv_dropdown.o
                0x000177d8                lv_dropdown_get_selected_str
 .text.lv_dropdown_design
                0x00017848      0x214 .\CortexM3\ARM_GCC_541\Debug\lv_dropdown.o
 .text.lv_dropdown_open
                0x00017a5c      0x300 .\CortexM3\ARM_GCC_541\Debug\lv_dropdown.o
                0x00017a5c                lv_dropdown_open
 .text.lv_dropdown_close
                0x00017d5c       0x1c .\CortexM3\ARM_GCC_541\Debug\lv_dropdown.o
                0x00017d5c                lv_dropdown_close
 .text.lv_dropdown_signal
                0x00017d78      0x278 .\CortexM3\ARM_GCC_541\Debug\lv_dropdown.o
 .text.page_release_handler
                0x00017ff0       0x9c .\CortexM3\ARM_GCC_541\Debug\lv_dropdown.o
 .text.lv_dropdown_page_scrl_signal
                0x0001808c       0xc8 .\CortexM3\ARM_GCC_541\Debug\lv_dropdown.o
 .text.lv_dropdown_page_signal
                0x00018154       0xc0 .\CortexM3\ARM_GCC_541\Debug\lv_dropdown.o
 .text.lv_label_get_dot_tmp
                0x00018214       0x18 .\CortexM3\ARM_GCC_541\Debug\lv_label.o
 .text.lv_label_dot_tmp_free
                0x0001822c       0x28 .\CortexM3\ARM_GCC_541\Debug\lv_label.o
 .text.lv_label_revert_dots
                0x00018254       0x64 .\CortexM3\ARM_GCC_541\Debug\lv_label.o
 .text.lv_label_set_offset_y
                0x000182b8       0x14 .\CortexM3\ARM_GCC_541\Debug\lv_label.o
 .text.lv_label_set_offset_x
                0x000182cc       0x14 .\CortexM3\ARM_GCC_541\Debug\lv_label.o
 .text.get_txt_coords
                0x000182e0       0x58 .\CortexM3\ARM_GCC_541\Debug\lv_label.o
 .text.lv_label_set_dot_tmp
                0x00018338       0x58 .\CortexM3\ARM_GCC_541\Debug\lv_label.o
 .text.lv_label_set_align
                0x00018390       0x3c .\CortexM3\ARM_GCC_541\Debug\lv_label.o
                0x00018390                lv_label_set_align
 .text.lv_label_get_text
                0x000183cc       0x24 .\CortexM3\ARM_GCC_541\Debug\lv_label.o
                0x000183cc                lv_label_get_text
 .text.lv_label_get_long_mode
                0x000183f0       0x28 .\CortexM3\ARM_GCC_541\Debug\lv_label.o
                0x000183f0                lv_label_get_long_mode
 .text.lv_label_get_align
                0x00018418       0x30 .\CortexM3\ARM_GCC_541\Debug\lv_label.o
                0x00018418                lv_label_get_align
 .text.lv_label_get_recolor
                0x00018448       0x28 .\CortexM3\ARM_GCC_541\Debug\lv_label.o
                0x00018448                lv_label_get_recolor
 .text.lv_label_get_letter_pos
                0x00018470      0x210 .\CortexM3\ARM_GCC_541\Debug\lv_label.o
                0x00018470                lv_label_get_letter_pos
 .text.lv_label_get_letter_on
                0x00018680      0x254 .\CortexM3\ARM_GCC_541\Debug\lv_label.o
                0x00018680                lv_label_get_letter_on
 .text.lv_label_refr_text
                0x000188d4      0x4c0 .\CortexM3\ARM_GCC_541\Debug\lv_label.o
 .text.lv_label_set_text
                0x00018d94       0xd0 .\CortexM3\ARM_GCC_541\Debug\lv_label.o
                0x00018d94                lv_label_set_text
 .text.lv_label_set_text_static
                0x00018e64       0x4c .\CortexM3\ARM_GCC_541\Debug\lv_label.o
                0x00018e64                lv_label_set_text_static
 .text.lv_label_set_long_mode
                0x00018eb0       0xa0 .\CortexM3\ARM_GCC_541\Debug\lv_label.o
                0x00018eb0                lv_label_set_long_mode
 .text.lv_label_set_recolor
                0x00018f50       0x44 .\CortexM3\ARM_GCC_541\Debug\lv_label.o
                0x00018f50                lv_label_set_recolor
 .text.lv_label_create
                0x00018f94      0x1cc .\CortexM3\ARM_GCC_541\Debug\lv_label.o
                0x00018f94                lv_label_create
 .text.lv_label_get_text_sel_start
                0x00019160       0x20 .\CortexM3\ARM_GCC_541\Debug\lv_label.o
                0x00019160                lv_label_get_text_sel_start
 .text.lv_label_get_text_sel_end
                0x00019180       0x20 .\CortexM3\ARM_GCC_541\Debug\lv_label.o
                0x00019180                lv_label_get_text_sel_end
 .text.lv_label_design
                0x000191a0      0x254 .\CortexM3\ARM_GCC_541\Debug\lv_label.o
 .text.lv_label_get_style
                0x000193f4        0xc .\CortexM3\ARM_GCC_541\Debug\lv_label.o
                0x000193f4                lv_label_get_style
 .text.lv_label_signal
                0x00019400      0x128 .\CortexM3\ARM_GCC_541\Debug\lv_label.o
 .text.lv_label_ins_text
                0x00019528       0xac .\CortexM3\ARM_GCC_541\Debug\lv_label.o
                0x00019528                lv_label_ins_text
 .text.get_edge_flash_area
                0x000195d4      0x110 .\CortexM3\ARM_GCC_541\Debug\lv_page.o
 .text.lv_page_design
                0x000196e4      0x184 .\CortexM3\ARM_GCC_541\Debug\lv_page.o
 .text.lv_page_get_style
                0x00019868       0x50 .\CortexM3\ARM_GCC_541\Debug\lv_page.o
 .text.refr_ext_draw_pad
                0x000198b8       0x34 .\CortexM3\ARM_GCC_541\Debug\lv_page.o
 .text.edge_flash_anim_end
                0x000198ec       0x34 .\CortexM3\ARM_GCC_541\Debug\lv_page.o
 .text.edge_flash_anim
                0x00019920       0x24 .\CortexM3\ARM_GCC_541\Debug\lv_page.o
 .text.scrl_def_event_cb
                0x00019944       0x40 .\CortexM3\ARM_GCC_541\Debug\lv_page.o
 .text.scrlbar_refresh
                0x00019984      0x3c4 .\CortexM3\ARM_GCC_541\Debug\lv_page.o
 .text.lv_page_set_scrollbar_mode
                0x00019d48       0x90 .\CortexM3\ARM_GCC_541\Debug\lv_page.o
                0x00019d48                lv_page_set_scrollbar_mode
 .text.lv_page_create
                0x00019dd8      0x1a8 .\CortexM3\ARM_GCC_541\Debug\lv_page.o
                0x00019dd8                lv_page_create
 .text.lv_page_set_edge_flash
                0x00019f80       0x30 .\CortexM3\ARM_GCC_541\Debug\lv_page.o
                0x00019f80                lv_page_set_edge_flash
 .text.lv_page_get_scrollable
                0x00019fb0       0x24 .\CortexM3\ARM_GCC_541\Debug\lv_page.o
                0x00019fb0                lv_page_get_scrollable
 .text.lv_page_get_anim_time
                0x00019fd4       0x24 .\CortexM3\ARM_GCC_541\Debug\lv_page.o
                0x00019fd4                lv_page_get_anim_time
 .text.lv_page_get_edge_flash
                0x00019ff8       0x2c .\CortexM3\ARM_GCC_541\Debug\lv_page.o
                0x00019ff8                lv_page_get_edge_flash
 .text.lv_page_get_width_fit
                0x0001a024       0x6c .\CortexM3\ARM_GCC_541\Debug\lv_page.o
                0x0001a024                lv_page_get_width_fit
 .text.lv_page_on_edge
                0x0001a090       0xb8 .\CortexM3\ARM_GCC_541\Debug\lv_page.o
                0x0001a090                lv_page_on_edge
 .text.lv_page_scroll_hor
                0x0001a148       0x48 .\CortexM3\ARM_GCC_541\Debug\lv_page.o
                0x0001a148                lv_page_scroll_hor
 .text.lv_page_scroll_ver
                0x0001a190       0x48 .\CortexM3\ARM_GCC_541\Debug\lv_page.o
                0x0001a190                lv_page_scroll_ver
 .text.lv_page_signal
                0x0001a1d8      0x38c .\CortexM3\ARM_GCC_541\Debug\lv_page.o
 .text.lv_page_start_edge_flash
                0x0001a564       0xa8 .\CortexM3\ARM_GCC_541\Debug\lv_page.o
                0x0001a564                lv_page_start_edge_flash
 .text.scrl_reposition
                0x0001a60c      0x15c .\CortexM3\ARM_GCC_541\Debug\lv_page.o
 .text.lv_page_scrollable_signal
                0x0001a768      0x3cc .\CortexM3\ARM_GCC_541\Debug\lv_page.o
 .text.lv_spinbox_get_style
                0x0001ab34       0x38 .\CortexM3\ARM_GCC_541\Debug\lv_spinbox.o
 .text.lv_spinbox_updatevalue
                0x0001ab6c      0x15c .\CortexM3\ARM_GCC_541\Debug\lv_spinbox.o
 .text.lv_spinbox_set_rollover
                0x0001acc8       0x30 .\CortexM3\ARM_GCC_541\Debug\lv_spinbox.o
                0x0001acc8                lv_spinbox_set_rollover
 .text.lv_spinbox_set_value
                0x0001acf8       0x48 .\CortexM3\ARM_GCC_541\Debug\lv_spinbox.o
                0x0001acf8                lv_spinbox_set_value
 .text.lv_spinbox_set_digit_format
                0x0001ad40       0xb0 .\CortexM3\ARM_GCC_541\Debug\lv_spinbox.o
                0x0001ad40                lv_spinbox_set_digit_format
 .text.lv_spinbox_set_step
                0x0001adf0       0x2c .\CortexM3\ARM_GCC_541\Debug\lv_spinbox.o
                0x0001adf0                lv_spinbox_set_step
 .text.lv_spinbox_set_range
                0x0001ae1c       0x60 .\CortexM3\ARM_GCC_541\Debug\lv_spinbox.o
                0x0001ae1c                lv_spinbox_set_range
 .text.lv_spinbox_create
                0x0001ae7c      0x164 .\CortexM3\ARM_GCC_541\Debug\lv_spinbox.o
                0x0001ae7c                lv_spinbox_create
 .text.lv_spinbox_get_value
                0x0001afe0       0x28 .\CortexM3\ARM_GCC_541\Debug\lv_spinbox.o
                0x0001afe0                lv_spinbox_get_value
 .text.lv_spinbox_step_next
                0x0001b008       0x4c .\CortexM3\ARM_GCC_541\Debug\lv_spinbox.o
                0x0001b008                lv_spinbox_step_next
 .text.lv_spinbox_step_prev
                0x0001b054       0x50 .\CortexM3\ARM_GCC_541\Debug\lv_spinbox.o
                0x0001b054                lv_spinbox_step_prev
 .text.lv_spinbox_increment
                0x0001b0a4       0x70 .\CortexM3\ARM_GCC_541\Debug\lv_spinbox.o
                0x0001b0a4                lv_spinbox_increment
 .text.lv_spinbox_decrement
                0x0001b114       0x70 .\CortexM3\ARM_GCC_541\Debug\lv_spinbox.o
                0x0001b114                lv_spinbox_decrement
 .text.lv_spinbox_signal
                0x0001b184      0x204 .\CortexM3\ARM_GCC_541\Debug\lv_spinbox.o
 .text.lv_textarea_design
                0x0001b388       0x30 .\CortexM3\ARM_GCC_541\Debug\lv_textarea.o
 .text.pwd_char_hider_anim
                0x0001b3b8        0x4 .\CortexM3\ARM_GCC_541\Debug\lv_textarea.o
 .text.lv_textarea_get_style
                0x0001b3bc       0x4c .\CortexM3\ARM_GCC_541\Debug\lv_textarea.o
 .text.cursor_blink_anim
                0x0001b408       0x84 .\CortexM3\ARM_GCC_541\Debug\lv_textarea.o
 .text.lv_textarea_scrollable_design
                0x0001b48c      0x1a4 .\CortexM3\ARM_GCC_541\Debug\lv_textarea.o
 .text.lv_page_set_scrollable_fit2
                0x0001b630       0x1c .\CortexM3\ARM_GCC_541\Debug\lv_textarea.o
 .text.pwd_char_hider
                0x0001b64c       0xa4 .\CortexM3\ARM_GCC_541\Debug\lv_textarea.o
 .text.pwd_char_hider_anim_ready
                0x0001b6f0        0xc .\CortexM3\ARM_GCC_541\Debug\lv_textarea.o
 .text.lv_textarea_set_placeholder_text
                0x0001b6fc       0x90 .\CortexM3\ARM_GCC_541\Debug\lv_textarea.o
                0x0001b6fc                lv_textarea_set_placeholder_text
 .text.lv_textarea_set_cursor_click_pos
                0x0001b78c       0x30 .\CortexM3\ARM_GCC_541\Debug\lv_textarea.o
                0x0001b78c                lv_textarea_set_cursor_click_pos
 .text.lv_textarea_get_text
                0x0001b7bc       0x38 .\CortexM3\ARM_GCC_541\Debug\lv_textarea.o
                0x0001b7bc                lv_textarea_get_text
 .text.char_is_accepted
                0x0001b7f4       0x6c .\CortexM3\ARM_GCC_541\Debug\lv_textarea.o
 .text.lv_textarea_get_label
                0x0001b860       0x24 .\CortexM3\ARM_GCC_541\Debug\lv_textarea.o
                0x0001b860                lv_textarea_get_label
 .text.lv_textarea_get_cursor_pos
                0x0001b884       0x24 .\CortexM3\ARM_GCC_541\Debug\lv_textarea.o
                0x0001b884                lv_textarea_get_cursor_pos
 .text.refr_cursor_area
                0x0001b8a8      0x230 .\CortexM3\ARM_GCC_541\Debug\lv_textarea.o
 .text.lv_textarea_set_cursor_pos
                0x0001bad8      0x1d0 .\CortexM3\ARM_GCC_541\Debug\lv_textarea.o
                0x0001bad8                lv_textarea_set_cursor_pos
 .text.update_cursor_position_on_click
                0x0001bca8       0xac .\CortexM3\ARM_GCC_541\Debug\lv_textarea.o
 .text.lv_textarea_scrollable_signal
                0x0001bd54      0x110 .\CortexM3\ARM_GCC_541\Debug\lv_textarea.o
 .text.lv_textarea_set_cursor_hidden
                0x0001be64       0x38 .\CortexM3\ARM_GCC_541\Debug\lv_textarea.o
                0x0001be64                lv_textarea_set_cursor_hidden
 .text.lv_textarea_set_text_align
                0x0001be9c       0x88 .\CortexM3\ARM_GCC_541\Debug\lv_textarea.o
                0x0001be9c                lv_textarea_set_text_align
 .text.lv_textarea_set_one_line
                0x0001bf24      0x104 .\CortexM3\ARM_GCC_541\Debug\lv_textarea.o
                0x0001bf24                lv_textarea_set_one_line
 .text.lv_textarea_create
                0x0001c028      0x2c0 .\CortexM3\ARM_GCC_541\Debug\lv_textarea.o
                0x0001c028                lv_textarea_create
 .text.lv_textarea_get_one_line
                0x0001c2e8       0x2c .\CortexM3\ARM_GCC_541\Debug\lv_textarea.o
                0x0001c2e8                lv_textarea_get_one_line
 .text.lv_textarea_get_accepted_chars
                0x0001c314       0x24 .\CortexM3\ARM_GCC_541\Debug\lv_textarea.o
                0x0001c314                lv_textarea_get_accepted_chars
 .text.lv_textarea_get_max_length
                0x0001c338       0x24 .\CortexM3\ARM_GCC_541\Debug\lv_textarea.o
                0x0001c338                lv_textarea_get_max_length
 .text.lv_textarea_clear_selection
                0x0001c35c       0x1c .\CortexM3\ARM_GCC_541\Debug\lv_textarea.o
                0x0001c35c                lv_textarea_clear_selection
 .text.lv_textarea_add_char
                0x0001c378      0x17c .\CortexM3\ARM_GCC_541\Debug\lv_textarea.o
                0x0001c378                lv_textarea_add_char
 .text.lv_textarea_add_text